[www.fuzulev.com.tr/index.html]
[www.fuzulev.com.tr/assets/images/favicon.svg]
[www.fuzulev.com.tr/assets/style/desktop/main.css]
[www.fuzulev.com.tr/assets/style/vendors/fancybox.css]
[www.fuzulev.com.tr/assets/style/vendors/intlTelInput.min.css]
[backblue.gif]
[fade.gif]
[index.html]
[www.fuzulev.com.tr/assets/style/commonb6e9.css]
[bundles.efilli.com/fuzulev.com.tr.prod.js]
[www.fuzulev.com.tr/assets/scripts/gt4b6e9.js]
[www.fuzulev.com.tr/nasil-calisir.html]
[www.fuzulev.com.tr/odeme-plani.html]
[www.fuzulev.com.tr/faizsiz-ev-sahibi-nasil-olunur.html]
[www.fuzulev.com.tr/kredisiz-ev-alma.html]
[www.fuzulev.com.tr/fuzul-avantajlari.html]
[www.fuzulev.com.tr/pesinatsiz-ev.html]
[www.fuzulev.com.tr/merak-edilenler.html]
[www.fuzulev.com.tr/fuzul-aileleri.html]
[www.fuzulev.com.tr/kampanyalar.html]
[www.fuzulev.com.tr/blog.html]
[www.fuzulev.com.tr/iletisim.html]
[www.fuzulev.com.tr/subelerimiz.html]
[www.fuzulev.com.tr/kurumsal.html]
[www.fuzulev.com.tr/assets/images/icons/question-icon.svg]
[www.fuzulev.com.tr/assets/images/icons/phone-bold.svg]
[www.fuzulev.com.tr/assets/images/icons/document.svg]
[www.fuzulev.com.tr/assets/images/icons/subeler.svg]
[www.fuzulev.com.tr/assets/uploads/slides/2025/07/1752211402_595.webp]
[www.fuzulev.com.tr/assets/uploads/slides/2025/07/1752211426_756.webp]
[www.fuzulev.com.tr/assets/uploads/slides/2025/07/1752211448_389.webp]
[www.fuzulev.com.tr/assets/uploads/slides/2025/05/1748605196_601.webp]
[www.fuzulev.com.tr/assets/uploads/slides/2025/05/1748010590_552.webp]
[www.fuzulev.com.tr/kampanya/5-ayda-kendi-ev-ve-arabanizin-sahibi-olun.html]
[www.fuzulev.com.tr/assets/uploads/slides/2025/05/1747036887_356.webp]
[www.fuzulev.com.tr/kampanya/dev-cekilisimiz-gerceklesti.html]
[www.fuzulev.com.tr/assets/uploads/slides/2025/01/1736928626_955.webp]
[www.fuzulev.com.tr/kampanya/fuzule-gel-organizasyon-ucretini-dert-etme.html]
[www.fuzulev.com.tr/assets/uploads/slides/2025/02/1740401945_867.webp]
[www.fuzulev.com.tr/kampanya/evimizdeyiz-birlikteyiz-sampiyonluk-hedefimiz.html]
[www.fuzulev.com.tr/assets/uploads/slides/2024/11/1730811399_49.webp]
[www.fuzulev.com.tr/assets/uploads/slides/2024/07/1719818480_234.webp]
[www.fuzulev.com.tr/assets/uploads/slides/2024/07/1719818492_113.webp]
[www.fuzulev.com.tr/acik-riza-metni.html]
[www.fuzulev.com.tr/assets/images/icons/calendar-line-icon.svg]
[www.fuzulev.com.tr/assets/images/icons/happy-icon.svg]
[www.fuzulev.com.tr/assets/images/icons/apartment-icon.svg]
[www.fuzulev.com.tr/assets/uploads/banners/2025/05/1746628308_191.webp]
[www.fuzulev.com.tr/kampanya/kiracilik-bitti.html]
[www.fuzulev.com.tr/assets/uploads/banners/2025/05/1746628091_110.webp]
[www.fuzulev.com.tr/assets/uploads/banners/2025/01/1736929039_732.webp]
[www.fuzulev.com.tr/assets/uploads/banners/2025/04/1743766947_433.webp]
[www.fuzulev.com.tr/assets/uploads/banners/2024/11/1730796199_352.webp]
[www.fuzulev.com.tr/kampanya/33-yildir-liderlik-ruhumuzda-var.html]
[www.fuzulev.com.tr/assets/uploads/banners/2024/09/1725369332_369.webp]
[www.fuzulev.com.tr/ev-finansmani.html]
[www.fuzulev.com.tr/otomobil-finansmani.html]
[www.fuzulev.com.tr/isyeri-finansmani.html]
[www.fuzulev.com.tr/motosiklet-finansmani.html]
[www.fuzulev.com.tr/hakkimizda.html]
[www.fuzulev.com.tr/televizyonda-biz.html]
[www.fuzulev.com.tr/acik-pozisyonlar.html]
[www.fuzulev.com.tr/yatirimci-iliskileri.html]
[www.fuzulev.com.tr/banka-hesap-bilgileri.html]
[www.fuzulev.com.tr/kisisel-verileri-koruma.html]
[www.fuzulev.com.tr/cerez-politikasi.html]
[www.fuzulev.com.tr/gizlilik-politikasi.html]
[www.fuzulev.com.tr/sifre-guvenligi.html]
[www.fuzulev.com.tr/guvenlik-riskleri.html]
[www.fuzulev.com.tr/veri-saklama-imha.html]
[www.fuzulev.com.tr/assets/uploads/KVK-FRM-06.pdf]
[www.fuzulev.com.tr/assets/images/logo.svg]
[www.google.com/recaptcha/apid726.js]
[www.fuzulev.com.tr/assets/scripts/jquery-3.6.0.min.js]
[www.fuzulev.com.tr/assets/scripts/fancybox.js]
[www.fuzulev.com.tr/assets/scripts/swiper.js]
[www.fuzulev.com.tr/assets/scripts/nouislider.min.js]
[www.fuzulev.com.tr/assets/scripts/wNumb.min.js]
[www.fuzulev.com.tr/assets/scripts/jquery.mask.js]
[www.fuzulev.com.tr/assets/scripts/jquery.validate.min.js]
[www.fuzulev.com.tr/assets/scripts/intlTelInput.min.js]
[www.fuzulev.com.tr/assets/scripts/jquery.steps.min.js]
[www.fuzulev.com.tr/assets/scripts/main.js]
[www.fuzulev.com.tr/assets/scripts/common.js]
[www.fuzulev.com.tr/assets/style/vendors/select2.min.css]
[www.fuzulev.com.tr/index.html]
[www.fuzulev.com.tr/assets/images/favicon.svg]
[www.fuzulev.com.tr/assets/scripts/select2.min.js]
[www.fuzulev.com.tr/assets/assets/fonts/subset-Gilroy-Black.woff2]
[www.fuzulev.com.tr/assets/assets/fonts/subset-Gilroy-Black.woff]
[www.fuzulev.com.tr/assets/assets/fonts/subset-Gilroy-ExtraBold.woff2]
[www.fuzulev.com.tr/assets/assets/fonts/subset-Gilroy-ExtraBold.woff]
[www.fuzulev.com.tr/assets/assets/fonts/subset-Gilroy-Medium.woff2]
[www.fuzulev.com.tr/assets/assets/fonts/subset-Gilroy-Medium.woff]
[www.fuzulev.com.tr/assets/assets/fonts/subset-MonumentExtended-Light.woff2]
[www.fuzulev.com.tr/assets/assets/fonts/subset-MonumentExtended-Light.woff]
[www.fuzulev.com.tr/assets/assets/fonts/subset-MonumentExtended-Ultrabold.woff2]
[www.fuzulev.com.tr/assets/assets/fonts/subset-MonumentExtended-Ultrabold.woff]
[www.fuzulev.com.tr/assets/assets/fonts/subset-Gilroy-SemiBold.woff2]
[www.fuzulev.com.tr/assets/assets/fonts/subset-Gilroy-SemiBold.woff]
[www.fuzulev.com.tr/assets/images/footer-bg.png]
[www.fuzulev.com.tr/assets/images/calculator-bg.png]
[www.fuzulev.com.tr/assets/images/request-bg.png]
[www.fuzulev.com.tr/assets/images/request-bg-sidebar.png]
[third-parties/cdn4.iconfinder.com/data/icons/user-interface-174/32/4589369.png]
[www.fuzulev.com.tr/assets/images/icons/minus-icon.svg]
[www.fuzulev.com.tr/assets/images/icons/plus-icon.svg]
[www.fuzulev.com.tr/assets/images/icons/play-icon.svg]
[www.fuzulev.com.tr/assets/images/icons/play-icon-blue.svg]
[www.fuzulev.com.tr/assets/style/desktop/main.css]
[www.fuzulev.com.tr/assets/style/vendors/fancybox.css]
[www.fuzulev.com.tr/assets/images/icons/range-arrows.svg]
[www.fuzulev.com.tr/assets/images/flags.png]
[www.fuzulev.com.tr/assets/images/flags@2x.png]
[www.fuzulev.com.tr/assets/style/vendors/intlTelInput.min.css]
[www.fuzulev.com.tr/assets/images/counter-bg.webp]
[www.fuzulev.com.tr/assets/style/assets/fonts/BrushScriptStd.otf]
[www.fuzulev.com.tr/assets/images/calculator-image.jpg]
[www.fuzulev.com.tr/assets/images/calculator-image-mobile.webp]
[www.fuzulev.com.tr/assets/style/commonb6e9.css]
[www.googletagmanager.com/gtm5445.html]
[www.fuzulev.com.tr/assets/style/commonfb9b.css]
[www.fuzulev.com.tr/assets/scripts/gt4fb9b.js]
[www.fuzulev.com.tr/assets/images/how-it-works/icon-1.png]
[www.fuzulev.com.tr/assets/images/how-it-works/icon-2.png]
[www.fuzulev.com.tr/assets/images/how-it-works/icon-3.png]
[www.fuzulev.com.tr/assets/images/how-it-works/icon-4.png]
[www.fuzulev.com.tr/assets/images/how-it-works/icon-5.png]
[www.fuzulev.com.tr/nasil-calisir.html]
[www.fuzulev.com.tr/urunler.html]
[www.fuzulev.com.tr/karavan-finansmani.html]
[www.fuzulev.com.tr/plan-detay/cekilissiz-bireysel-ev-finansmani.html]
[www.fuzulev.com.tr/plan-detay/cekilisli-teslimatta-avantajli-ev-finansmani.html]
[www.fuzulev.com.tr/plan-detay/cekilissiz-bireysel-ara-odemeli-ev-finansmani.html]
[www.fuzulev.com.tr/plan-detay/cekilisli-tasarruflu-erken-teslim-ev-finansmani.html]
[www.fuzulev.com.tr/plan-detay/cekilisli-firsat-ev-finansmani.html]
[www.fuzulev.com.tr/odeme-plani.html]
[www.fuzulev.com.tr/plan-detay/cekilisli-ve-degerini-koruyan-ev-finansmani.html]
[www.fuzulev.com.tr/assets/style/common402c.css]
[www.fuzulev.com.tr/assets/scripts/gt4402c.js]
[www.fuzulev.com.tr/assets/uploads/png/ev_acilis_sayfasi_slider@1x.png]
[www.fuzulev.com.tr/faizsiz-ev-sahibi-nasil-olunur.html]
[www.fuzulev.com.tr/kredisiz-ev-alma.html]
[www.fuzulev.com.tr/fuzul-avantajlari.html]
[www.fuzulev.com.tr/assets/style/commond14a.css]
[www.fuzulev.com.tr/pesinatsiz-ev.html]
[www.fuzulev.com.tr/assets/scripts/gt4d14a.js]
[www.fuzulev.com.tr/assets/images/kampanyalar/campany-slider.png]
[www.fuzulev.com.tr/merak-edilenler.html]
[www.fuzulev.com.tr/assets/images/kampanyalar/campany-slider-2.png]
[www.fuzulev.com.tr/assets/images/fuzul-aileleri-new-2.webp]
[www.fuzulev.com.tr/assets/uploads/aileler/2024/11/1732188029_314.webp]
[www.fuzulev.com.tr/assets/uploads/aileler/2024/11/1732188053_245.webp]
[www.fuzulev.com.tr/assets/uploads/aileler/2024/11/1732188070_163.webp]
[www.fuzulev.com.tr/assets/uploads/aileler/2024/11/1732188080_379.webp]
[www.fuzulev.com.tr/assets/uploads/aileler/2023/02/1676550073_452.webp]
[www.fuzulev.com.tr/assets/uploads/aileler/2023/02/1676550022_442.webp]
[www.fuzulev.com.tr/assets/uploads/aileler/2023/02/1676549987_652.webp]
[www.fuzulev.com.tr/assets/uploads/aileler/2023/02/1676549935_553.webp]
[www.fuzulev.com.tr/assets/uploads/aileler/2023/02/1676549886_248.webp]
[www.fuzulev.com.tr/assets/uploads/aileler/2023/02/1676549704_850.webp]
[www.fuzulev.com.tr/assets/uploads/aileler/2023/02/1676549640_402.webp]
[www.fuzulev.com.tr/assets/uploads/aileler/2023/02/1676549548_139.webp]
[www.fuzulev.com.tr/assets/uploads/aileler/2023/02/1676549509_791.webp]
[www.fuzulev.com.tr/assets/uploads/aileler/2023/02/1676549473_239.webp]
[www.fuzulev.com.tr/assets/uploads/aileler/2023/02/1676549429_196.webp]
[www.fuzulev.com.tr/assets/uploads/aileler/2023/02/1676549381_225.webp]
[www.fuzulev.com.tr/assets/uploads/aileler/2023/02/1676549334_393.webp]
[www.fuzulev.com.tr/assets/uploads/aileler/2023/02/1676549296_892.webp]
[www.fuzulev.com.tr/assets/uploads/aileler/2023/02/1676549260_111.webp]
[www.fuzulev.com.tr/assets/uploads/aileler/2023/02/1676549219_676.webp]
[www.fuzulev.com.tr/assets/uploads/aileler/2023/02/1676549176_818.webp]
[www.fuzulev.com.tr/assets/uploads/aileler/2023/02/1676549134_240.webp]
[www.fuzulev.com.tr/assets/uploads/aileler/2023/02/1676549066_432.webp]
[www.fuzulev.com.tr/assets/uploads/aileler/2024/11/1732188110_101.webp]
[www.fuzulev.com.tr/assets/uploads/aileler/2023/02/1676551502_689.webp]
[www.fuzulev.com.tr/assets/uploads/aileler/2023/02/1676551469_901.webp]
[www.fuzulev.com.tr/assets/uploads/aileler/2023/02/1676551439_692.webp]
[www.fuzulev.com.tr/assets/uploads/aileler/2023/02/1676551410_638.webp]
[www.fuzulev.com.tr/assets/uploads/aileler/2023/02/1676551347_541.webp]
[www.fuzulev.com.tr/assets/uploads/aileler/2023/02/1676551211_689.webp]
[www.fuzulev.com.tr/assets/uploads/aileler/2023/02/1676551114_651.webp]
[www.fuzulev.com.tr/assets/uploads/aileler/2023/02/1676551080_132.webp]
[www.fuzulev.com.tr/assets/uploads/aileler/2023/02/1676551044_267.webp]
[www.fuzulev.com.tr/assets/uploads/aileler/2023/02/1676550989_837.webp]
[www.fuzulev.com.tr/assets/uploads/aileler/2023/02/1676550951_773.webp]
[www.fuzulev.com.tr/assets/uploads/aileler/2023/02/1676550922_77.webp]
[www.fuzulev.com.tr/assets/uploads/aileler/2023/02/1676550872_569.webp]
[www.fuzulev.com.tr/assets/uploads/aileler/2023/02/1676550844_378.webp]
[www.fuzulev.com.tr/assets/uploads/aileler/2023/02/1676550811_174.webp]
[www.fuzulev.com.tr/assets/uploads/aileler/2023/02/1676550454_585.webp]
[www.fuzulev.com.tr/assets/uploads/aileler/2023/02/1676550184_610.webp]
[www.fuzulev.com.tr/assets/uploads/aileler/2023/02/1676548950_216.webp]
[www.fuzulev.com.tr/fuzul-aileleri.html]
[www.fuzulev.com.tr/kampanyalar.html]
[www.fuzulev.com.tr/assets/style/common9910.css]
[www.fuzulev.com.tr/assets/scripts/gt49910.js]
[www.fuzulev.com.tr/blog/faizsiz-sistemde-odeme-tamamlanmadan-arac-benim-olur-mu.html]
[www.fuzulev.com.tr/assets/uploads/blog/2025/04/faizsiz-sistemde-odeme-tamamlanmadan-arac-benim-olur-mu.webp]
[www.fuzulev.com.tr/blog/kredisiz-araba-almak-icin-birikimi-sart-mi.html]
[www.fuzulev.com.tr/assets/uploads/blog/2025/04/kredisiz-araba-almak-icin-birikimi-sart-mi.webp]
[www.fuzulev.com.tr/blog/faizsiz-taksitle-araba-almanin-avantajlari.html]
[www.fuzulev.com.tr/assets/uploads/blog/2025/04/faizsiz-taksitle-araba-almanin-avantajlari.webp]
[www.fuzulev.com.tr/blog/pesinatsiz-ev-alirken-taksit-oranlari-nasil-belirlenir.html]
[www.fuzulev.com.tr/assets/uploads/blog/2025/04/pesinatsiz-ev-alirken-taksit-oranlari-nasil-belirlenir_5724974.webp]
[www.fuzulev.com.tr/blog/birikimim-olmadan-kredisiz-araba-almak-mumkun-mu.html]
[www.fuzulev.com.tr/assets/uploads/blog/2025/04/birikimim-olmadan-kredisiz-araba-almak-mumkun-mu.webp]
[www.fuzulev.com.tr/assets/uploads/blog/2025/04/taksitle-ev-almanin-avantajlari-nelerdir.webp]
[www.fuzulev.com.tr/blog/taksitle-ev-almanin-avantajlari-nelerdir.html]
[www.fuzulev.com.tr/blog/pesinatsiz-araba-alirken-odeme-plani-nasil-olusturulur.html]
[www.fuzulev.com.tr/assets/uploads/blog/2025/03/pesinatsiz-araba-alirken-odeme-plani-nasil-olusturulur.webp]
[www.fuzulev.com.tr/blog/kredisiz-ev-almak-mumkun-mu.html]
[www.fuzulev.com.tr/assets/uploads/blog/2025/03/kredisiz-ev-almak-mumkun-mu.webp]
[www.fuzulev.com.tr/blog/pesinatsiz-araba-alirken-anlasma-sartlarini-nasil-belirlersiniz.html]
[www.fuzulev.com.tr/assets/uploads/blog/2025/03/pesinatsiz-araba-alirken-anlasma-sartlarini-nasil-belirlersiniz.webp]
[www.fuzulev.com.tr/blog/faizsiz-ve-kredisiz-nasil-ev-sahibi-olabilirim.html]
[www.fuzulev.com.tr/assets/uploads/blog/2025/03/faizsiz-ve-kredisiz-nasil-ev-sahibi-olabilirim.webp]
[www.fuzulev.com.tr/blog/pesinatsiz-araba-almak-icin-gerekli-belgeler-ve-basvuru-sureci-nasil-olmali.html]
[www.fuzulev.com.tr/assets/uploads/blog/2025/03/pesinatsiz-araba-almak-icin-gerekli-belgeler-ve-basvuru-sureci-nasil-olmali.webp]
[www.fuzulev.com.tr/blog/kredisiz-ev-satin-almanin-yasal-guvenceleri-ve-ekonomik-fayda-saglayan-odeme-planlari-neler.html]
[www.fuzulev.com.tr/assets/uploads/blog/2025/03/kredisiz-ev-satin-almanin-yasal-guvenceleri-ve-ekonomik-fayda-saglayan-odeme-planlari.webp]
[www.fuzulev.com.tr/blog4658.html]
[www.fuzulev.com.tr/blog9ba9.html]
[www.fuzulev.com.tr/blogfdb0.html]
[www.fuzulev.com.tr/blogaf4d.html]
[www.fuzulev.com.tr/blogc575.html]
[www.fuzulev.com.tr/blog235c.html]
[www.fuzulev.com.tr/blogfdfa.html]
[www.fuzulev.com.tr/blog0b08.html]
[www.fuzulev.com.tr/blog.html]
[www.fuzulev.com.tr/iletisim.html]
[www.fuzulev.com.tr/subelerimiz.html]
[www.fuzulev.com.tr/blog1448.html]
[www.fuzulev.com.tr/assets/style/common902a.css]
[www.fuzulev.com.tr/assets/scripts/gt4902a.js]
[www.fuzulev.com.tr/assets/images/kurumsal/kurumsal.png]
[www.fuzulev.com.tr/assets/images/hakkimizda.png]
[www.fuzulev.com.tr/assets/images/medya.png]
[www.fuzulev.com.tr/assets/images/insan_kaynaklari.png]
[www.fuzulev.com.tr/assets/images/Bilgi_toplumu_merkezi.png]
[www.fuzulev.com.tr/finansal-raporlar.html]
[www.fuzulev.com.tr/assets/images/financial.png]
[www.fuzulev.com.tr/kurumsal.html]
[www.fuzulev.com.tr/assets/images/icons/question-icon.svg]
[www.fuzulev.com.tr/assets/images/icons/phone-bold.svg]
[www.fuzulev.com.tr/assets/images/icons/document.svg]
[www.fuzulev.com.tr/assets/images/icons/subeler.svg]
[www.fuzulev.com.tr/assets/style/common51f8.css]
[www.fuzulev.com.tr/assets/scripts/gt451f8.js]
[www.fuzulev.com.tr/assets/uploads/banners/2025/05/1746628308_608.webp]
[www.fuzulev.com.tr/kampanya/5-ayda-kendi-ev-ve-arabanizin-sahibi-olun.html]
[assets/third-parties/cdnjs.cloudflare.com/ajax/libs/sticky-js/1.3.0/sticky.min.js]
[www.fuzulev.com.tr/assets/style/commonbd39.css]
[www.fuzulev.com.tr/assets/scripts/gt4bd39.js]
[www.fuzulev.com.tr/assets/uploads/banners/2025/01/1736929334_378.webp]
[www.fuzulev.com.tr/assets/uploads/file/2025/01/cekilis-talihlileri.webp]
[www.fuzulev.com.tr/kampanya/dev-cekilisimiz-gerceklesti.html]
[www.fuzulev.com.tr/assets/style/common62b0.css]
[www.fuzulev.com.tr/assets/scripts/gt462b0.js]
[www.fuzulev.com.tr/assets/uploads/banners/2024/12/1733473643_373.webp]
[www.fuzulev.com.tr/kampanya/fuzule-gel-organizasyon-ucretini-dert-etme.html]
[www.fuzulev.com.tr/assets/uploads/banners/2024/11/1730796199_220.webp]
[www.fuzulev.com.tr/kampanya/evimizdeyiz-birlikteyiz-sampiyonluk-hedefimiz.html]
[www.fuzulev.com.tr/assets/style/common8eb6.css]
[www.fuzulev.com.tr/assets/scripts/gt48eb6.js]
[www.fuzulev.com.tr/bilgi-toplumu-hizmetleri.html]
[www.fuzulev.com.tr/acik-riza-metni.html]
[www.fuzulev.com.tr/assets/images/icons/calendar-line-icon.svg]
[www.fuzulev.com.tr/assets/images/icons/happy-icon.svg]
[www.fuzulev.com.tr/assets/images/icons/apartment-icon.svg]
[www.fuzulev.com.tr/ilgili-kisi-basvuru-formu.html]
[www.fuzulev.com.tr/assets/style/common1c6c.css]
[www.fuzulev.com.tr/assets/scripts/gt41c6c.js]
[www.fuzulev.com.tr/assets/uploads/banners/2025/05/1746628091_915.webp]
[www.fuzulev.com.tr/kampanya/kiracilik-bitti.html]
[www.fuzulev.com.tr/assets/style/commonc971.css]
[www.fuzulev.com.tr/assets/scripts/gt4c971.js]
[www.fuzulev.com.tr/assets/uploads/banners/2024/09/1725369332_49.webp]
[www.fuzulev.com.tr/kampanya/33-yildir-liderlik-ruhumuzda-var.html]
[www.fuzulev.com.tr/assets/style/commonafb4.css]
[www.fuzulev.com.tr/ev-finansmani.html]
[www.fuzulev.com.tr/assets/scripts/gt4afb4.js]
[www.fuzulev.com.tr/plan-detay/cekilissiz-bireysel-araba-finansmani.html]
[www.fuzulev.com.tr/plan-detay/cekilissiz-sabit-taksit-odemeli-araba-finansmani.html]
[www.fuzulev.com.tr/plan-detay/cekilissiz-bireysel-ara-odemeli-araba-finansmani.html]
[www.fuzulev.com.tr/plan-detay/cekilisli-tasarruf-erken-teslim-araba-finansmani.html]
[www.fuzulev.com.tr/plan-detay/cekilisli-firsat-araba-finansmani.html]
[www.fuzulev.com.tr/otomobil-finansmani.html]
[www.fuzulev.com.tr/plan-detay/cekilisli-ve-degerini-koruyan-araba-finansmani.html]
[www.fuzulev.com.tr/plan-detay/cekilissiz-bireysel-is-yeri-finansmani.html]
[www.fuzulev.com.tr/plan-detay/cekilisli-teslimatta-avantajli-is-yeri-finansmani.html]
[www.fuzulev.com.tr/plan-detay/cekilissiz-bireysel-ara-odemeli-is-yeri-finansmani.html]
[www.fuzulev.com.tr/plan-detay/cekilisli-tasarruflu-erken-teslim-is-yeri-finansmani.html]
[www.fuzulev.com.tr/plan-detay/cekilisli-firsat-is-yeri-finansmani.html]
[www.fuzulev.com.tr/isyeri-finansmani.html]
[www.fuzulev.com.tr/plan-detay/cekilisli-ve-degerini-koruyan-is-yeri-finansmani.html]
[www.fuzulev.com.tr/plan-detay/cekilissiz-bireysel-motosiklet-finansmani.html]
[www.fuzulev.com.tr/plan-detay/cekilisli-teslimatta-avantajli-motosiklet-finansmani.html]
[www.fuzulev.com.tr/plan-detay/cekilissiz-bireysel-ara-odemeli-motosiklet-finansmani.html]
[www.fuzulev.com.tr/plan-detay/cekilisli-tasarruflu-erken-teslim-motorsiklet-finansmani.html]
[www.fuzulev.com.tr/plan-detay/cekilisli-firsat-motorsiklet-finansmani.html]
[www.fuzulev.com.tr/motosiklet-finansmani.html]
[www.fuzulev.com.tr/plan-detay/cekilisli-degerini-koruyan-motorsiklet-finansmani.html]
[www.fuzulev.com.tr/assets/style/common8705.css]
[www.fuzulev.com.tr/assets/scripts/gt48705.js]
[www.fuzulev.com.tr/hikayemiz.html]
[www.fuzulev.com.tr/sosyal-sorumluluk.html]
[www.fuzulev.com.tr/hakkimizda.html]
[www.fuzulev.com.tr/kurumsal-satis.html]
[www.fuzulev.com.tr/basinda-biz.html]
[www.fuzulev.com.tr/reklam-filmleri.html]
[www.fuzulev.com.tr/e-bulten.html]
[www.fuzulev.com.tr/basin-kiti.html]
[www.fuzulev.com.tr/assets/uploads/logo/27.webp]
[www.fuzulev.com.tr/assets/uploads/logo/26.webp]
[www.fuzulev.com.tr/assets/uploads/logo/25.webp]
[www.fuzulev.com.tr/assets/uploads/logo/24.webp]
[www.fuzulev.com.tr/assets/uploads/logo/23.webp]
[www.fuzulev.com.tr/assets/uploads/logo/22.webp]
[www.fuzulev.com.tr/assets/uploads/logo/21.webp]
[www.fuzulev.com.tr/assets/uploads/logo/20.webp]
[www.fuzulev.com.tr/assets/uploads/logo/19.webp]
[www.fuzulev.com.tr/assets/uploads/logo/18.webp]
[www.fuzulev.com.tr/assets/uploads/logo/17.webp]
[www.fuzulev.com.tr/assets/uploads/logo/16.webp]
[www.fuzulev.com.tr/assets/uploads/logo/15.webp]
[www.fuzulev.com.tr/assets/uploads/logo/14.webp]
[www.fuzulev.com.tr/assets/uploads/files/2025/05/1746510688_419.webp]
[www.fuzulev.com.tr/assets/uploads/files/2025/05/1746510704_603.webp]
[www.fuzulev.com.tr/televizyonda-biz.html]
[www.fuzulev.com.tr/assets/style/common57e3.css]
[www.fuzulev.com.tr/assets/scripts/gt457e3.js]
[www.fuzulev.com.tr/insan-kaynaklari.html]
[www.fuzulev.com.tr/calisan-politikasi.html]
[www.fuzulev.com.tr/ekibimiz.html]
[www.fuzulev.com.tr/calisan-memnuniyeti.html]
[www.fuzulev.com.tr/assets/images/logos/linkedin.png]
[www.fuzulev.com.tr/assets/images/logos/kariyernet.png]
[www.fuzulev.com.tr/acik-pozisyonlar.html]
[www.fuzulev.com.tr/assets/uploads/fuzul-ev-ana-sozlesme5e1f.pdf]
[www.fuzulev.com.tr/assets/uploads/faaliyet-raporlari/2024/2024_Yillik_Faaliyet_Raporu.pdf]
[www.fuzulev.com.tr/assets/images/activity-reports/report2024.webp]
[www.fuzulev.com.tr/assets/uploads/faaliyet-raporlari/2023/2023_Yillik_Faaliyet_Raporu.pdf]
[www.fuzulev.com.tr/assets/images/activity-reports/report2023.webp]
[www.fuzulev.com.tr/assets/uploads/faaliyet-raporlari/2022/2022-Faaliyet-Raporu_compressed_compressed-compressed.pdf]
[www.fuzulev.com.tr/assets/images/activity-reports/report2.webp]
[www.fuzulev.com.tr/assets/uploads/faaliyet-raporlari/2021/2021-FAALIYET-RAPORU.pdf]
[www.fuzulev.com.tr/assets/images/activity-reports/report1.webp]
[www.fuzulev.com.tr/yatirimci-iliskileri.html]
[www.fuzulev.com.tr/banka-hesap-bilgileri.html]
[www.fuzulev.com.tr/assets/style/commonee76.css]
[www.fuzulev.com.tr/kisisel-verileri-koruma.html]
[www.fuzulev.com.tr/cerez-politikasi.html]
[www.fuzulev.com.tr/assets/scripts/gt4ee76.js]
[www.fuzulev.com.tr/assets/style/common7a5d.css]
[www.fuzulev.com.tr/gizlilik-politikasi.html]
[www.fuzulev.com.tr/sifre-guvenligi.html]
[www.fuzulev.com.tr/assets/scripts/gt47a5d.js]
[www.fuzulev.com.tr/assets/style/commona5f3.css]
[www.fuzulev.com.tr/guvenlik-riskleri.html]
[www.fuzulev.com.tr/veri-saklama-imha.html]
[www.fuzulev.com.tr/assets/images/logo.svg]
[www.fuzulev.com.tr/assets/style/vendors/select2.min.css]
[www.fuzulev.com.tr/assets/assets/fonts/subset-Gilroy-Black.html]
[www.fuzulev.com.tr/assets/assets/fonts/subset-Gilroy-Black-2.html]
[www.fuzulev.com.tr/assets/assets/fonts/subset-Gilroy-ExtraBold.html]
[www.fuzulev.com.tr/assets/assets/fonts/subset-Gilroy-ExtraBold-2.html]
[www.fuzulev.com.tr/assets/assets/fonts/subset-Gilroy-Medium.html]
[www.fuzulev.com.tr/assets/assets/fonts/subset-Gilroy-Medium-2.html]
[www.fuzulev.com.tr/assets/assets/fonts/subset-MonumentExtended-Light.html]
[www.fuzulev.com.tr/assets/assets/fonts/subset-MonumentExtended-Light-2.html]
[www.fuzulev.com.tr/assets/assets/fonts/subset-MonumentExtended-Ultrabold.html]
[www.fuzulev.com.tr/assets/assets/fonts/subset-MonumentExtended-Ultrabold-2.html]
[www.fuzulev.com.tr/assets/assets/fonts/subset-Gilroy-SemiBold.html]
[www.fuzulev.com.tr/assets/assets/fonts/subset-Gilroy-SemiBold-2.html]
[www.fuzulev.com.tr/assets/images/icons/breadcrumb-icon.svg]
[www.fuzulev.com.tr/assets/images/icons/minus-icon.svg]
[www.fuzulev.com.tr/assets/images/icons/plus-icon.svg]
[www.fuzulev.com.tr/assets/images/icons/tick.svg]
[www.fuzulev.com.tr/assets/images/icons/play-icon.svg]
[www.fuzulev.com.tr/assets/images/icons/play-icon-blue.svg]
[www.fuzulev.com.tr/assets/images/icons/range-arrows.svg]
[www.fuzulev.com.tr/assets/style/assets/fonts/BrushScriptStd.html]
[www.fuzulev.com.tr/assets/style/commonfb9b.css]
[www.fuzulev.com.tr/assets/scripts/gt4a5f3.js]
[www.fuzulev.com.tr/assets/style/commonff0a.css]
[www.fuzulev.com.tr/assets/scripts/gt4ff0a.js]
[www.fuzulev.com.tr/public/assets/uploads/png/ev_acilis_sayfasi_slider@1x.png]
[www.fuzulev.com.tr/public/assets/uploads/png/is_acilis_sayfasi_slider@1x.png]
[www.fuzulev.com.tr/public/assets/uploads/png/oto_acilis_sayfasi_slider@1x.png]
[www.fuzulev.com.tr/public/assets/uploads/banners/2023/03/1679044986_343.webp]
[www.fuzulev.com.tr/public/assets/uploads/banners/2023/03/1679045003_333.webp]
[www.fuzulev.com.tr/urunler.html]
[www.fuzulev.com.tr/assets/style/commone7fd.css]
[www.fuzulev.com.tr/assets/scripts/gt4e7fd.js]
[www.fuzulev.com.tr/plan-detay/cekilissiz-bireysel-karavan-finansmani.html]
[www.fuzulev.com.tr/plan-detay/cekilisli-teslimatta-avantajli-karavan-finansmani.html]
[www.fuzulev.com.tr/plan-detay/cekilissiz-bireysel-ara-odemeli-karavan-finansmani.html]
[www.fuzulev.com.tr/plan-detay/cekilisli-tasarruflu-erken-teslim-karavan-finansmani.html]
[www.fuzulev.com.tr/plan-detay/cekilisli-firsat-karavan-finansmani.html]
[www.fuzulev.com.tr/karavan-finansmani.html]
[www.fuzulev.com.tr/plan-detay/cekilisli-degerini-koruyan-karavan-finansmani.html]
[www.fuzulev.com.tr/assets/uploads/slides/2023/02/1677061838_526.avif]
[www.fuzulev.com.tr/assets/uploads/slides/2023/02/1676991075_77.avif]
[www.fuzulev.com.tr/assets/uploads/slides/2023/02/1676991003_972.avif]
[www.fuzulev.com.tr/assets/uploads/slides/2023/02/1676990961_772.avif]
[www.fuzulev.com.tr/assets/uploads/slides/2023/02/1676990914_253.avif]
[www.fuzulev.com.tr/assets/uploads/slides/2023/02/1677061753_212.avif]
[www.fuzulev.com.tr/assets/uploads/slides/2023/02/1677061785_885.avif]
[www.fuzulev.com.tr/plan-detay/cekilissiz-bireysel-ev-finansmani.html]
[www.fuzulev.com.tr/plan-detay/cekilisli-teslimatta-avantajli-ev-finansmani.html]
[www.fuzulev.com.tr/assets/style/commonf869.css]
[www.fuzulev.com.tr/plan-detay/cekilissiz-bireysel-ara-odemeli-ev-finansmani.html]
[www.fuzulev.com.tr/plan-detay/cekilisli-tasarruflu-erken-teslim-ev-finansmani.html]
[www.fuzulev.com.tr/plan-detay/cekilisli-firsat-ev-finansmani.html]
[www.fuzulev.com.tr/plan-detay/cekilisli-ve-degerini-koruyan-ev-finansmani.html]
[www.fuzulev.com.tr/assets/style/common402c.css]
[www.fuzulev.com.tr/assets/style/commond14a.css]
[www.fuzulev.com.tr/assets/style/common9910.css]
[www.fuzulev.com.tr/assets/scripts/gt4f869.js]
[www.fuzulev.com.tr/assets/style/common05fb.css]
[www.fuzulev.com.tr/blog/faizsiz-sistemde-odeme-tamamlanmadan-arac-benim-olur-mu.html]
[www.fuzulev.com.tr/blog/kredisiz-araba-almak-icin-birikimi-sart-mi.html]
[www.fuzulev.com.tr/assets/scripts/gt405fb.js]
[www.fuzulev.com.tr/assets/style/common9d47.css]
[www.fuzulev.com.tr/blog/faizsiz-taksitle-araba-almanin-avantajlari.html]
[www.fuzulev.com.tr/blog/pesinatsiz-ev-alirken-taksit-oranlari-nasil-belirlenir.html]
[www.fuzulev.com.tr/assets/scripts/gt49d47.js]
[www.fuzulev.com.tr/assets/style/common8f20.css]
[www.fuzulev.com.tr/blog/birikimim-olmadan-kredisiz-araba-almak-mumkun-mu.html]
[www.fuzulev.com.tr/blog/taksitle-ev-almanin-avantajlari-nelerdir.html]
[www.fuzulev.com.tr/assets/scripts/gt48f20.js]
[www.fuzulev.com.tr/assets/style/commonda15.css]
[www.fuzulev.com.tr/blog/pesinatsiz-araba-alirken-odeme-plani-nasil-olusturulur.html]
[www.fuzulev.com.tr/blog/kredisiz-ev-almak-mumkun-mu.html]
[www.fuzulev.com.tr/assets/scripts/gt4da15.js]
[www.fuzulev.com.tr/assets/style/common71e7.css]
[www.fuzulev.com.tr/blog/pesinatsiz-araba-alirken-anlasma-sartlarini-nasil-belirlersiniz.html]
[www.fuzulev.com.tr/blog/faizsiz-ve-kredisiz-nasil-ev-sahibi-olabilirim.html]
[www.fuzulev.com.tr/assets/scripts/gt471e7.js]
[www.fuzulev.com.tr/assets/style/commonc0e4.css]
[www.fuzulev.com.tr/blog/pesinatsiz-araba-almak-icin-gerekli-belgeler-ve-basvuru-sureci-nasil-olmali.html]
[www.fuzulev.com.tr/assets/scripts/gt4c0e4.js]
[www.fuzulev.com.tr/assets/style/common7b2d.css]
[www.fuzulev.com.tr/blog/kredisiz-ev-satin-almanin-yasal-guvenceleri-ve-ekonomik-fayda-saglayan-odeme-planlari-neler.html]
[www.fuzulev.com.tr/assets/scripts/gt47b2d.js]
[www.fuzulev.com.tr/blog/taksitli-ev-alirken-odeme-plani-ve-vade-suresi-secimi.html]
[www.fuzulev.com.tr/assets/uploads/blog/2025/03/taksitli-ev-alirken-odeme-plani-ve-vade-suresi-secimi.webp]
[www.fuzulev.com.tr/blog/kredisiz-araba-alirken-arac-fiyatlari-nasil-belirlenir.html]
[www.fuzulev.com.tr/assets/uploads/blog/2025/03/kredisiz-araba-alirken-arac-fiyatlari-nasil-belirlenir.webp]
[www.fuzulev.com.tr/blog/ev-almanin-en-kolay-yolu-nedir.html]
[www.fuzulev.com.tr/assets/uploads/blog/2025/03/107.webp]
[www.fuzulev.com.tr/blog/araba-almanin-en-kolay-yolu-nedir.html]
[www.fuzulev.com.tr/assets/uploads/blog/2025/03/112.webp]
[www.fuzulev.com.tr/blog/kredi-cekmeden-arac-sahibi-olmak-icin-alternatif-finansman-secenekleri.html]
[www.fuzulev.com.tr/assets/uploads/blog/2024/12/104.webp]
[www.fuzulev.com.tr/blog/kredisiz-ev-almak-isteyenler-icin-odeme-planlari-ve-secenekler-nasil-olmali.html]
[www.fuzulev.com.tr/assets/uploads/blog/2024/12/103.webp]
[www.fuzulev.com.tr/blog/pesinatsiz-araba-almanin-finansal-modelleri-ve-secenekleri-nelerdir.html]
[www.fuzulev.com.tr/assets/uploads/blog/2024/12/101.webp]
[www.fuzulev.com.tr/blog/pesinatsiz-ve-faizsiz-araba-sahibi-olmanin-yollari-nelerdir.html]
[www.fuzulev.com.tr/assets/uploads/blog/2024/12/102.webp]
[www.fuzulev.com.tr/blog/pesinat-odemeden-ev-sahibi-olmanin-yollari-ve-firsatlari.html]
[www.fuzulev.com.tr/assets/uploads/blog/2024/12/100.webp]
[www.fuzulev.com.tr/blog/faizsiz-ev-alma-yontemleri-bilmeniz-gerekenler.html]
[www.fuzulev.com.tr/assets/uploads/blog/2024/12/99.webp]
[www.fuzulev.com.tr/blog/kredisiz-ev-sahibi-olmanin-yollari-ve-cozumleri.html]
[www.fuzulev.com.tr/assets/uploads/blog/2024/12/98.webp]
[www.fuzulev.com.tr/blog/taksitli-ev-almanin-ekonomik-faydalari-neler.html]
[www.fuzulev.com.tr/assets/uploads/blog/2024/11/94.webp]
[www.fuzulev.com.tr/blog4658.html]
[www.fuzulev.com.tr/blog2679.html]
[www.fuzulev.com.tr/blog/taksitle-araba-almak-icin-basarili-bir-planlama-nasil-yapilmalidir.html]
[www.fuzulev.com.tr/assets/uploads/blog/2024/11/97.webp]
[www.fuzulev.com.tr/blog/taksit-ile-ev-alma-surecinde-dikkat-edilmesi-gereken-belge-ve-surecler.html]
[www.fuzulev.com.tr/assets/uploads/blog/2024/11/92.webp]
[www.fuzulev.com.tr/blog/pesinatsiz-ev-alma-surecinde-dikkat-edilmesi-gerekenler.html]
[www.fuzulev.com.tr/assets/uploads/blog/2024/11/90-2.webp]
[www.fuzulev.com.tr/blog/pesinatsiz-arac-sahibi-olmanin-avantajlari-ve-kullanimi.html]
[www.fuzulev.com.tr/assets/uploads/blog/2024/11/93.webp]
[www.fuzulev.com.tr/blog/kredisiz-araba-alma-surecinde-en-cok-nelere-dikkat-edilmelidir.html]
[www.fuzulev.com.tr/assets/uploads/blog/2024/11/96-1.webp]
[www.fuzulev.com.tr/blog/hayalinizdeki-evi-faizsiz-alma-yontemleri-ile-gerceklestirin.html]
[www.fuzulev.com.tr/assets/uploads/blog/2024/11/91-1.webp]
[www.fuzulev.com.tr/blog/uygun-fiyatlarla-faizsiz-araba-sahip-olmanin-yollari-nelerdir.html]
[www.fuzulev.com.tr/assets/uploads/blog/2024/11/95_9881898.webp]
[www.fuzulev.com.tr/blog/taksitle-ev-almanin-yasal-ve-mali-boyutlari.html]
[www.fuzulev.com.tr/assets/uploads/blog/2024/10/89.webp]
[www.fuzulev.com.tr/blog/taksitle-araba-alirken-dikkat-edilmesi-gerekenler-nelerdir.html]
[www.fuzulev.com.tr/assets/uploads/blog/2024/10/88.webp]
[www.fuzulev.com.tr/blog/pesinatsiz-ev-sahibi-olmak-icin-uygulanan-6-yontem.html]
[www.fuzulev.com.tr/assets/uploads/blog/2024/10/84.webp]
[www.fuzulev.com.tr/blog/faizsiz-ev-alma-sureclerinde-kullanilacak-alternatif-sistemler.html]
[www.fuzulev.com.tr/assets/uploads/blog/2024/10/83.webp]
[www.fuzulev.com.tr/blog/kredisiz-ev-alirken-dikkat-edilmesi-gereken-8-detay.html]
[www.fuzulev.com.tr/assets/uploads/blog/2024/10/82.webp]
[www.fuzulev.com.tr/blog9ba9.html]
[www.fuzulev.com.tr/assets/style/common2020.css]
[www.fuzulev.com.tr/assets/scripts/gt42020.js]
[www.fuzulev.com.tr/blog/faizsiz-araba-almak-icin-uygun-finansman-yontemleri.html]
[www.fuzulev.com.tr/assets/uploads/blog/2024/10/85.webp]
[www.fuzulev.com.tr/blog/faizsiz-araba-alma-surecinde-dikkat-edilmesi-gereken-7-nokta.html]
[www.fuzulev.com.tr/assets/uploads/blog/2024/10/86.webp]
[www.fuzulev.com.tr/blog/butcenizi-zorlamadan-kredisiz-ev-satin-almanin-artilari.html]
[www.fuzulev.com.tr/assets/uploads/blog/2024/10/87.webp]
[www.fuzulev.com.tr/blog/faizsiz-ve-pesinatsiz-araba-alma-icin-finansal-secenekler.html]
[www.fuzulev.com.tr/assets/uploads/blog/2024/09/77.webp]
[www.fuzulev.com.tr/blog/taksitle-ev-alma-butcenize-uygun-en-iyi-yatirim-stratejileri.html]
[www.fuzulev.com.tr/assets/uploads/blog/2024/09/81.webp]
[www.fuzulev.com.tr/blog/pesinatsiz-ev-alma-icin-alternatif-finansman-yontemleri.html]
[www.fuzulev.com.tr/assets/uploads/blog/2024/09/76.webp]
[www.fuzulev.com.tr/blog/kredisiz-ev-alma-icin-gereken-belgeler-ve-islemler.html]
[www.fuzulev.com.tr/assets/uploads/blog/2024/09/75_2341674.webp]
[www.fuzulev.com.tr/blog/kredisiz-araba-alma-icin-finansal-planlama-ve-butce-yonetimi.html]
[www.fuzulev.com.tr/assets/uploads/blog/2024/09/80.webp]
[www.fuzulev.com.tr/blog/faizsiz-konut-alma-butce-planlamasi-ve-yonetimi.html]
[www.fuzulev.com.tr/assets/uploads/blog/2024/09/78.webp]
[www.fuzulev.com.tr/blog/faizsiz-araba-satin-almak-icin-gereken-belgeler-ve-surecler.html]
[www.fuzulev.com.tr/assets/uploads/blog/2024/09/74.webp]
[www.fuzulev.com.tr/blog/butcenize-uygun-kredisiz-ev-satin-almanin-avantajlari.html]
[www.fuzulev.com.tr/assets/uploads/blog/2024/09/79.webp]
[www.fuzulev.com.tr/blog/taksitle-ev-alirken-nelere-dikkat-edilmelidir.html]
[www.fuzulev.com.tr/assets/uploads/blog/2024/08/68.webp]
[www.fuzulev.com.tr/blogfdb0.html]
[www.fuzulev.com.tr/blog/senetle-ev-almak-mantikli-mi.html]
[www.fuzulev.com.tr/assets/uploads/blog/2024/08/72.webp]
[www.fuzulev.com.tr/blog/pesinatsiz-taksitli-araba-kampanyalari.html]
[www.fuzulev.com.tr/assets/uploads/blog/2024/08/67.webp]
[www.fuzulev.com.tr/blog/kredisiz-araba-alirken-nelere-dikkat-etmelisiniz.html]
[www.fuzulev.com.tr/assets/uploads/blog/2024/08/69.webp]
[www.fuzulev.com.tr/blog/kredi-ve-pesinat-sorunu-olmadan-ev-sahibi-olmanin-kolay-yollari.html]
[www.fuzulev.com.tr/assets/uploads/blog/2024/08/70.webp]
[www.fuzulev.com.tr/blog/faizsiz-ev-alma-sartlari-ve-kosullari-nelerdir.html]
[www.fuzulev.com.tr/assets/uploads/blog/2024/08/66.webp]
[www.fuzulev.com.tr/blog/faizsiz-ev-alirken-bilinmesi-gereken-yasal-ve-mali-detaylar-nelerdir.html]
[www.fuzulev.com.tr/assets/uploads/blog/2024/08/71.webp]
[www.fuzulev.com.tr/blog/faizsiz-araba-almak-icin-gerekli-belgeler-ve-sartlar-nelerdir.html]
[www.fuzulev.com.tr/assets/uploads/blog/2024/08/73-1.webp]
[www.fuzulev.com.tr/blog/kredisiz-ev-almak-icin-nasil-bir-birikim-plani-yapmaliyiz.html]
[www.fuzulev.com.tr/assets/uploads/blog/2024/07/65_3802314.webp]
[www.fuzulev.com.tr/blog/is-yeri-finansmani-alirken-nelere-dikkat-edilmeli.html]
[www.fuzulev.com.tr/assets/uploads/blog/2024/07/62-1.webp]
[www.fuzulev.com.tr/blog/taksitle-motor-almak-guvenilir-mi.html]
[www.fuzulev.com.tr/assets/uploads/blog/2024/07/59.webp]
[www.fuzulev.com.tr/blog/pesinatsiz-ev-alma-sureci-adimlari-ve-ipuclari-nasil-olmali.html]
[www.fuzulev.com.tr/assets/uploads/blog/2024/07/61.webp]
[www.fuzulev.com.tr/blog/pesinatsiz-araba-alirken-dikkate-alinmasi-gerekenler-nelerdir.html]
[www.fuzulev.com.tr/assets/uploads/blog/2024/07/63.webp]
[www.fuzulev.com.tr/blogaf4d.html]
[www.fuzulev.com.tr/blog/faizsiz-araba-finansmani-nedir-ve-nasil-isler.html]
[www.fuzulev.com.tr/assets/uploads/blog/2024/07/60_2989703.webp]
[www.fuzulev.com.tr/blog/ev-alma-surecinde-dikkat-edilmesi-gerekenler.html]
[www.fuzulev.com.tr/assets/uploads/blog/2024/07/58.webp]
[www.fuzulev.com.tr/blog/taksitle-karavan-almak-icin-en-iyi-finansman-yontemleri-hangileri.html]
[www.fuzulev.com.tr/assets/uploads/blog/2024/05/57.webp]
[www.fuzulev.com.tr/blog/taksitle-karavan-sahibi-olmanin-yollari-nelerdir.html]
[www.fuzulev.com.tr/assets/uploads/blog/2024/05/50.webp]
[www.fuzulev.com.tr/blog/taksitle-araba-almak-mantikli-mi.html]
[www.fuzulev.com.tr/assets/uploads/blog/2024/05/52.webp]
[www.fuzulev.com.tr/blog/pesinatsiz-ev-sahibi-olmanin-yollari-ve-alternatifleri-nelerdir.html]
[www.fuzulev.com.tr/assets/uploads/blog/2024/05/55.webp]
[www.fuzulev.com.tr/blog/hic-pesinatsiz-taksitle-2-el-araba-nasil-alinir.html]
[www.fuzulev.com.tr/assets/uploads/blog/2024/05/53.webp]
[www.fuzulev.com.tr/blog/hic-param-yokken-nasil-ev-alabilirim.html]
[www.fuzulev.com.tr/assets/uploads/blog/2024/05/51.webp]
[www.fuzulev.com.tr/blog/genc-girisimciler-icin-faizsiz-kredi-nasil-alinir.html]
[www.fuzulev.com.tr/assets/uploads/blog/2024/05/56.webp]
[www.fuzulev.com.tr/blog/faizsiz-ev-alma-sistemi-nasil-isliyor.html]
[www.fuzulev.com.tr/assets/uploads/blog/2024/05/54.webp]
[www.fuzulev.com.tr/blog/taksitli-araba-almanin-avantajlari-nelerdir.html]
[www.fuzulev.com.tr/assets/uploads/blog/2024/04/49.webp]
[www.fuzulev.com.tr/blog/taksitli-araba-alma-icin-gerekli-belgeler-nelerdir.html]
[www.fuzulev.com.tr/assets/uploads/blog/2024/04/48.webp]
[www.fuzulev.com.tr/blogc575.html]
[www.fuzulev.com.tr/blog/pesinatsiz-ev-alma-surecleri-nasil-isler.html]
[www.fuzulev.com.tr/assets/uploads/blog/2024/04/47.webp]
[www.fuzulev.com.tr/blog/kredisiz-araba-alma-sureci-nasil-isler.html]
[www.fuzulev.com.tr/assets/uploads/blog/2024/04/45.webp]
[www.fuzulev.com.tr/blog/hic-pesinatsiz-araba-nasil-alinir.html]
[www.fuzulev.com.tr/assets/uploads/blog/2024/04/44.webp]
[www.fuzulev.com.tr/blog/faizsiz-ev-alma-cozumleri-nedir-ve-nasil-isler.html]
[www.fuzulev.com.tr/assets/uploads/blog/2024/04/43.webp]
[www.fuzulev.com.tr/blog/arsa-tapulu-ev-alirken-imar-durumu-nasil-kontrol-edilir.html]
[www.fuzulev.com.tr/assets/uploads/blog/2024/04/42.webp]
[www.fuzulev.com.tr/blog/taksitli-araba-alirken-ekonomik-ve-guvenilir-secenekler-nelerdir.html]
[www.fuzulev.com.tr/assets/uploads/blog/2024/03/38.webp]
[www.fuzulev.com.tr/blog/sifir-araba-almak-icin-ne-kadar-pesinat-gerekir.html]
[www.fuzulev.com.tr/assets/uploads/blog/2024/03/34.webp]
[www.fuzulev.com.tr/blog/pesinatsiz-ev-alma-icin-hangi-finansal-yollari-degerlendirebilirim.html]
[www.fuzulev.com.tr/assets/uploads/blog/2024/03/41.webp]
[www.fuzulev.com.tr/blog/krediye-gerek-kalmadan-pesinatsiz-motor-nasil-alinir.html]
[www.fuzulev.com.tr/assets/uploads/blog/2024/03/37.webp]
[www.fuzulev.com.tr/blog/faizsiz-ev-alma-yontemleri-hangisi-size-en-uygun.html]
[www.fuzulev.com.tr/assets/uploads/blog/2024/03/36-2.webp]
[www.fuzulev.com.tr/blog/banka-kredisi-olmadan-nasil-ev-alinir.html]
[www.fuzulev.com.tr/assets/uploads/blog/2024/03/35.webp]
[www.fuzulev.com.tr/blog/arac-alirken-nelere-dikkat-etmek-lazim.html]
[www.fuzulev.com.tr/assets/uploads/blog/2024/03/24.webp]
[www.fuzulev.com.tr/blog235c.html]
[www.fuzulev.com.tr/assets/style/common08e8.css]
[www.fuzulev.com.tr/assets/scripts/gt408e8.js]
[www.fuzulev.com.tr/blog/tamamina-kredili-ev-nasil-alinir.html]
[www.fuzulev.com.tr/assets/uploads/blog/2024/02/29.webp]
[www.fuzulev.com.tr/blog/hangi-banka-pesinatsiz-ev-kredisi-veriyor.html]
[www.fuzulev.com.tr/assets/uploads/blog/2024/02/28.webp]
[www.fuzulev.com.tr/blog/faizsiz-ev-alma-sistemi-nedir.html]
[www.fuzulev.com.tr/assets/uploads/blog/2024/02/26.webp]
[www.fuzulev.com.tr/blog/faizsiz-araba-kredisi-var-mi.html]
[www.fuzulev.com.tr/assets/uploads/blog/2024/02/31.webp]
[www.fuzulev.com.tr/blog/emeklilere-faizsiz-ev-kredisi-veriliyor-mu.html]
[www.fuzulev.com.tr/assets/uploads/blog/2024/02/27.webp]
[www.fuzulev.com.tr/blog/2-el-araba-taksitle-alinir-mi.html]
[www.fuzulev.com.tr/assets/uploads/blog/2024/02/30.webp]
[www.fuzulev.com.tr/blog/yeni-evliler-evlilik-kredisi-alabilir-mi.html]
[www.fuzulev.com.tr/assets/uploads/blog/2024/01/22.webp]
[www.fuzulev.com.tr/blog/taksitle-motor-alinir-mi.html]
[www.fuzulev.com.tr/assets/uploads/blog/2024/01/19.webp]
[www.fuzulev.com.tr/blog/sifir-evin-tamamina-kredi-cikar-mi.html]
[www.fuzulev.com.tr/assets/uploads/blog/2024/01/18.webp]
[www.fuzulev.com.tr/blog/banka-kredisi-ile-ev-alinir-mi.html]
[www.fuzulev.com.tr/assets/uploads/blog/2024/01/25.webp]
[www.fuzulev.com.tr/blog/arsa-tapulu-ev-alinir-mi.html]
[www.fuzulev.com.tr/assets/uploads/blog/2024/01/21.webp]
[www.fuzulev.com.tr/blog/devlet-faizsiz-ev-kredisi-veriyor-mu.html]
[www.fuzulev.com.tr/assets/uploads/blog/2024/01/20.webp]
[www.fuzulev.com.tr/blogfdfa.html]
[www.fuzulev.com.tr/blog/karavanda-yasamak-yasal-mi.html]
[www.fuzulev.com.tr/assets/uploads/blog/2024/01/23.webp]
[www.fuzulev.com.tr/blog/yeni-bir-is-yeri-acarken-nelere-dikkat-edilmeli.html]
[www.fuzulev.com.tr/assets/uploads/blog/2023/12/10-1.webp]
[www.fuzulev.com.tr/blog/pesinatsiz-taksitle-araba-alinir-mi.html]
[www.fuzulev.com.tr/assets/uploads/blog/2023/12/11.webp]
[www.fuzulev.com.tr/blog/pesinatsiz-araba-almak-mumkun-mu.html]
[www.fuzulev.com.tr/assets/uploads/blog/2023/12/12.webp]
[www.fuzulev.com.tr/blog/hic-pesinatsiz-ev-nasil-alinir.html]
[www.fuzulev.com.tr/assets/uploads/blog/2023/12/13.webp]
[www.fuzulev.com.tr/blog/faizsiz-ev-almak-mumkun-mu.html]
[www.fuzulev.com.tr/assets/uploads/blog/2023/12/15.webp]
[www.fuzulev.com.tr/blog/kira-oder-gibi-ev-sahibi-olmak-mumkun-mu.html]
[www.fuzulev.com.tr/assets/uploads/blog/2023/12/14.webp]
[www.fuzulev.com.tr/blog/ev-tapusu-kac-gunde-cikar.html]
[www.fuzulev.com.tr/assets/uploads/blog/2023/12/16.webp]
[www.fuzulev.com.tr/blog/yeni-evlenecekler-icin-ev-sahibi-olma-ipuclari.html]
[www.fuzulev.com.tr/assets/uploads/blog/2023/12/9-1.webp]
[www.fuzulev.com.tr/blog/kredisiz-nasil-ev-alinir.html]
[www.fuzulev.com.tr/assets/uploads/blog/2023/11/1.webp]
[www.fuzulev.com.tr/blog/kredi-odeme-plani-degistirilir-mi.html]
[www.fuzulev.com.tr/assets/uploads/blog/2023/11/2.webp]
[www.fuzulev.com.tr/blog/konut-kredisi-hesaplama-nasil-yapilir.html]
[www.fuzulev.com.tr/assets/uploads/blog/2023/11/3.webp]
[www.fuzulev.com.tr/blog0b08.html]
[www.fuzulev.com.tr/blog/ilk-kez-ev-satin-alacaklar-icin-onemli-tavsiyeler.html]
[www.fuzulev.com.tr/assets/uploads/blog/2023/11/4.webp]
[www.fuzulev.com.tr/blog/ilk-kez-ev-alacaklara-kredi-sartlari.html]
[www.fuzulev.com.tr/assets/uploads/blog/2023/11/5.webp]
[www.fuzulev.com.tr/blog/ev-almanin-avantajlari-nelerdir.html]
[www.fuzulev.com.tr/assets/uploads/blog/2023/11/6.webp]
[www.fuzulev.com.tr/blog/ev-almak-mantikli-bir-yatirim-mi.html]
[www.fuzulev.com.tr/assets/uploads/blog/2023/11/7.webp]
[www.fuzulev.com.tr/blog/ev-almak-icin-pesinat-ne-kadar-olmali.html]
[www.fuzulev.com.tr/assets/uploads/blog/2023/11/8_5234755.webp]
[www.fuzulev.com.tr/blog1448.html]
[www.fuzulev.com.tr/assets/style/common902a.css]
[www.fuzulev.com.tr/assets/style/commone6de.css]
[www.fuzulev.com.tr/assets/scripts/gt4e6de.js]
[www.fuzulev.com.tr/assets/uploads/file/2025/05/1747917047_953.pdf]
[www.fuzulev.com.tr/assets/uploads/file/2025/05/1747917553_973.png]
[www.fuzulev.com.tr/assets/uploads/file/2024/05/1717066690_590.pdf]
[www.fuzulev.com.tr/assets/uploads/file/2024/05/1717066690_165.jpg]
[www.fuzulev.com.tr/assets/uploads/file/2024/05/1717066627_358.pdf]
[www.fuzulev.com.tr/assets/uploads/file/2024/05/1717066627_662.jpg]
[www.fuzulev.com.tr/finansal-raporlar.html]
[www.fuzulev.com.tr/assets/style/common51f8.css]
[www.fuzulev.com.tr/assets/style/commonbd39.css]
[www.fuzulev.com.tr/assets/style/common62b0.css]
[www.fuzulev.com.tr/assets/style/common8eb6.css]
[www.fuzulev.com.tr/assets/style/common3683.css]
[www.fuzulev.com.tr/bilgi-toplumu-hizmetleri.html]
[www.fuzulev.com.tr/ilgili-kisi-basvuru-formu.html]
[www.fuzulev.com.tr/assets/style/common1c6c.css]
[www.fuzulev.com.tr/assets/style/commonc971.css]
[www.fuzulev.com.tr/assets/style/commonafb4.css]
[www.fuzulev.com.tr/assets/scripts/gt43683.js]
[www.fuzulev.com.tr/assets/style/commonecf8.css]
[www.fuzulev.com.tr/plan-detay/cekilissiz-bireysel-araba-finansmani.html]
[www.fuzulev.com.tr/assets/scripts/gt4ecf8.js]
[www.fuzulev.com.tr/assets/style/common14fb.css]
[www.fuzulev.com.tr/plan-detay/cekilissiz-sabit-taksit-odemeli-araba-finansmani.html]
[www.fuzulev.com.tr/assets/scripts/gt414fb.js]
[www.fuzulev.com.tr/assets/style/commonc93e.css]
[www.fuzulev.com.tr/plan-detay/cekilissiz-bireysel-ara-odemeli-araba-finansmani.html]
[www.fuzulev.com.tr/plan-detay/cekilisli-tasarruf-erken-teslim-araba-finansmani.html]
[www.fuzulev.com.tr/assets/scripts/gt4c93e.js]
[www.fuzulev.com.tr/assets/style/common247a.css]
[www.fuzulev.com.tr/plan-detay/cekilisli-firsat-araba-finansmani.html]
[www.fuzulev.com.tr/plan-detay/cekilisli-ve-degerini-koruyan-araba-finansmani.html]
[www.fuzulev.com.tr/plan-detay/cekilissiz-bireysel-is-yeri-finansmani.html]
[www.fuzulev.com.tr/assets/scripts/gt4247a.js]
[www.fuzulev.com.tr/assets/style/common5db2.css]
[www.fuzulev.com.tr/plan-detay/cekilisli-teslimatta-avantajli-is-yeri-finansmani.html]
[www.fuzulev.com.tr/plan-detay/cekilissiz-bireysel-ara-odemeli-is-yeri-finansmani.html]
[www.fuzulev.com.tr/plan-detay/cekilisli-tasarruflu-erken-teslim-is-yeri-finansmani.html]
[www.fuzulev.com.tr/assets/scripts/gt45db2.js]
[www.fuzulev.com.tr/assets/style/common65b0.css]
[www.fuzulev.com.tr/plan-detay/cekilisli-firsat-is-yeri-finansmani.html]
[www.fuzulev.com.tr/plan-detay/cekilisli-ve-degerini-koruyan-is-yeri-finansmani.html]
[www.fuzulev.com.tr/plan-detay/cekilissiz-bireysel-motosiklet-finansmani.html]
[www.fuzulev.com.tr/plan-detay/cekilisli-teslimatta-avantajli-motosiklet-finansmani.html]
[www.fuzulev.com.tr/assets/scripts/gt465b0.js]
[www.fuzulev.com.tr/assets/style/common47cd.css]
[www.fuzulev.com.tr/plan-detay/cekilissiz-bireysel-ara-odemeli-motosiklet-finansmani.html]
[www.fuzulev.com.tr/plan-detay/cekilisli-tasarruflu-erken-teslim-motorsiklet-finansmani.html]
[www.fuzulev.com.tr/plan-detay/cekilisli-firsat-motorsiklet-finansmani.html]
[www.fuzulev.com.tr/assets/scripts/gt447cd.js]
[www.fuzulev.com.tr/assets/style/common0506.css]
[www.fuzulev.com.tr/plan-detay/cekilisli-degerini-koruyan-motorsiklet-finansmani.html]
[www.fuzulev.com.tr/assets/style/common8705.css]
[www.fuzulev.com.tr/assets/scripts/gt40506.js]
[www.fuzulev.com.tr/assets/images/our-story/fuzul-otomobil.webp]
[www.fuzulev.com.tr/assets/images/our-story/fuzul-story-2.webp]
[www.fuzulev.com.tr/assets/images/our-story/fuzul-story-3.webp]
[www.fuzulev.com.tr/assets/images/our-story/fuzul-story-4.webp]
[www.fuzulev.com.tr/assets/images/our-story/fuzul-story-5.webp]
[www.fuzulev.com.tr/assets/images/our-story/fuzul-story-6.webp]
[www.fuzulev.com.tr/assets/images/our-story/fuzul-story-7.webp]
[www.fuzulev.com.tr/assets/images/our-story/fuzul-story-8.webp]
[www.fuzulev.com.tr/hikayemiz.html]
[www.fuzulev.com.tr/assets/style/common8eb8.css]
[www.fuzulev.com.tr/assets/scripts/gt48eb8.js]
[www.fuzulev.com.tr/assets/images/sosyal-sorumluluk.webp]
[www.fuzulev.com.tr/sosyal-sorumluluk.html]
[www.fuzulev.com.tr/assets/uploads/kurumsal-satis/genel-is-sendikasi.webp]
[www.fuzulev.com.tr/assets/uploads/kurumsal-satis/erdem-saglik-grubu.webp]
[www.fuzulev.com.tr/assets/uploads/kurumsal-satis/esteworld.webp]
[www.fuzulev.com.tr/assets/uploads/kurumsal-satis/egitimbirsen.webp]
[www.fuzulev.com.tr/assets/uploads/kurumsal-satis/dou-ve-g-dou-k-s-derne.webp]
[www.fuzulev.com.tr/assets/uploads/kurumsal-satis/din-bir-sen.webp]
[www.fuzulev.com.tr/assets/uploads/kurumsal-satis/defacto.webp]
[www.fuzulev.com.tr/assets/uploads/kurumsal-satis/calikiran-turzm.webp]
[www.fuzulev.com.tr/assets/uploads/kurumsal-satis/bl-kolej.webp]
[www.fuzulev.com.tr/assets/uploads/kurumsal-satis/atakoy.webp]
[www.fuzulev.com.tr/assets/uploads/kurumsal-satis/ale.webp]
[www.fuzulev.com.tr/assets/uploads/kurumsal-satis/gulluoglu.webp]
[www.fuzulev.com.tr/assets/uploads/kurumsal-satis/guvenlik-is.webp]
[www.fuzulev.com.tr/assets/uploads/kurumsal-satis/hurrem-sultan-hast.webp]
[www.fuzulev.com.tr/assets/uploads/kurumsal-satis/kamu-sen.webp]
[www.fuzulev.com.tr/assets/uploads/kurumsal-satis/kamusen.webp]
[www.fuzulev.com.tr/assets/uploads/kurumsal-satis/katlm-emeklilik.webp]
[www.fuzulev.com.tr/assets/uploads/kurumsal-satis/konsiad.webp]
[www.fuzulev.com.tr/assets/uploads/kurumsal-satis/mastob.webp]
[www.fuzulev.com.tr/assets/uploads/kurumsal-satis/memursen.webp]
[www.fuzulev.com.tr/assets/uploads/kurumsal-satis/milsen.webp]
[www.fuzulev.com.tr/assets/uploads/kurumsal-satis/ozel-medivita.webp]
[www.fuzulev.com.tr/assets/uploads/kurumsal-satis/oz-buro-is.webp]
[www.fuzulev.com.tr/assets/uploads/kurumsal-satis/ozsaglik-is.webp]
[www.fuzulev.com.tr/assets/uploads/kurumsal-satis/sanica.webp]
[www.fuzulev.com.tr/assets/uploads/SMAK.png]
[www.fuzulev.com.tr/assets/uploads/TASPAKON.png]
[www.fuzulev.com.tr/assets/uploads/TE-İŞ.png]
[www.fuzulev.com.tr/assets/uploads/teksiflogo (1).jpg]
[www.fuzulev.com.tr/assets/uploads/TEZ_KOOP_.png]
[www.fuzulev.com.tr/assets/uploads/TND.png]
[www.fuzulev.com.tr/assets/uploads/logo.png]
[www.fuzulev.com.tr/kurumsal-satis.html]
[www.fuzulev.com.tr/assets/style/commondbf9.css]
[www.fuzulev.com.tr/assets/scripts/gt4dbf9.js]
[www.fuzulev.com.tr/basinda-biz/detay/haziran-2025.html]
[www.fuzulev.com.tr/assets/uploads/basinda-biz-dergileri/haziran2025/basinda-biz-haziran.webp]
[www.fuzulev.com.tr/basinda-biz/detay/mayis-2025.html]
[www.fuzulev.com.tr/assets/uploads/basinda-biz-dergileri/mart-2025/Basında Biz Mayıs 2025_compressed (1)_page-0001.jpg]
[www.fuzulev.com.tr/basinda-biz/detay/nisan-2025.html]
[www.fuzulev.com.tr/assets/uploads/basinda-biz-dergileri/nisan_2025/basinda-biz-nisan-2025.webp]
[www.fuzulev.com.tr/basinda-biz/detay/mart-2025.html]
[www.fuzulev.com.tr/assets/uploads/basinda-biz-dergileri/mart-2025/cover.webp]
[www.fuzulev.com.tr/basinda-biz/detay/subat-2025.html]
[www.fuzulev.com.tr/assets/uploads/basinda-biz-dergileri/subat-2025/cover.webp]
[www.fuzulev.com.tr/basinda-biz/detay/ocak-2025.html]
[www.fuzulev.com.tr/assets/uploads/basinda-biz-dergileri/ocak-2025/cover.webp]
[www.fuzulev.com.tr/basinda-biz/detay/aralik-2024.html]
[www.fuzulev.com.tr/assets/uploads/basinda-biz-dergileri/aralik-2024/12808.webp]
[www.fuzulev.com.tr/basinda-biz/detay/fuarda-biz-2024.html]
[www.fuzulev.com.tr/assets/uploads/basinda-biz-dergileri/fuarda-biz-2024/fuarda-biz-1.webp]
[www.fuzulev.com.tr/basinda-biz/detay/2024-kasim.html]
[www.fuzulev.com.tr/assets/uploads/basinda-biz-dergileri/kasim-2024/kasim_2024.webp]
[www.fuzulev.com.tr/basinda-biz/detay/ekim-2024.html]
[www.fuzulev.com.tr/assets/uploads/basinda-biz-dergileri/ekim-2024/24011.webp]
[www.fuzulev.com.tr/basinda-biz/detay/2024-eylul.html]
[www.fuzulev.com.tr/assets/uploads/basinda-biz-dergileri/eylul-2024/im.webp]
[www.fuzulev.com.tr/basinda-biz/detay/2024-agustos.html]
[www.fuzulev.com.tr/assets/uploads/basinda-biz-dergileri/agustos-2024/basinda-biz-agustos-24-kapak.webp]
[www.fuzulev.com.tr/basinda-biz/detay/2024-temmuz.html]
[www.fuzulev.com.tr/assets/uploads/basinda-biz-dergileri/temmuz-2024/basinda-biz-temmuz-24-kapak.webp]
[www.fuzulev.com.tr/basinda-biz/detay/2024-haziran.html]
[www.fuzulev.com.tr/assets/uploads/basinda-biz-dergileri/haziran-2024/basinda-biz-haziran-24-kapak.webp]
[www.fuzulev.com.tr/basinda-biz/detay/2024-mayis.html]
[www.fuzulev.com.tr/assets/uploads/basinda-biz-dergileri/mayis-2024/basinda-biz-mayis-24-kapak.webp]
[www.fuzulev.com.tr/basinda-biz/detay/2024-nisan.html]
[www.fuzulev.com.tr/assets/uploads/basinda-biz-dergileri/Nisan-2024/basinda-biz-nisan-24-kapak.webp]
[www.fuzulev.com.tr/basinda-biz/detay/2024-mart.html]
[www.fuzulev.com.tr/assets/uploads/basinda-biz-dergileri/mart-2024/basinda-biz-mart-24-kapak.webp]
[www.fuzulev.com.tr/basinda-biz/detay/2024-subat.html]
[www.fuzulev.com.tr/assets/uploads/basinda-biz-dergileri/subat-2024/cover.webp]
[www.fuzulev.com.tr/basinda-biz/detay/2024-ocak.html]
[www.fuzulev.com.tr/assets/uploads/magazines/2024/basnda_biz-Ocak24-kapak/basinda-biz-ocak24-kapak.webp]
[www.fuzulev.com.tr/basinda-biz/detay/2023-aralik.html]
[www.fuzulev.com.tr/assets/uploads/basinda-biz-dergileri/aralik-2023/basinda-biz-aralik-kapak.webp]
[www.fuzulev.com.tr/basinda-biz/detay/2023-kasim.html]
[www.fuzulev.com.tr/assets/uploads/basinda-biz-dergileri/kasim-2023/basinda-biz-kasim-kapak.webp]
[www.fuzulev.com.tr/basinda-biz/detay/2023-ekim.html]
[www.fuzulev.com.tr/assets/uploads/basinda-biz-dergileri/ekim-2023/basinda-biz-ekim-kapak.webp]
[www.fuzulev.com.tr/basinda-biz/detay/2023-eylul.html]
[www.fuzulev.com.tr/assets/uploads/basinda-biz-dergileri/eylul-2023/basinda-biz-eylul-kapak.webp]
[www.fuzulev.com.tr/basinda-biz/detay/2023-agustos.html]
[www.fuzulev.com.tr/assets/uploads/basinda-biz-dergileri/agustos-2023/cover.webp]
[www.fuzulev.com.tr/basinda-biz/detay/2023-haziran.html]
[www.fuzulev.com.tr/assets/uploads/magazines/2023/06/haziransayi.webp]
[www.fuzulev.com.tr/basinda-biz/detay/2023-mayis.html]
[www.fuzulev.com.tr/assets/uploads/magazines/2023/basinda-biz-mayis2023-kapak-R.webp]
[www.fuzulev.com.tr/basinda-biz/detay/2023-nisan.html]
[www.fuzulev.com.tr/assets/uploads/basin-bulten/nisan-2023.webp]
[www.fuzulev.com.tr/basinda-biz/detay/2023-mart.html]
[www.fuzulev.com.tr/assets/uploads/basin-bulten/mart-2023.webp]
[www.fuzulev.com.tr/basinda-biz/detay/2023-subat.html]
[www.fuzulev.com.tr/assets/uploads/basin-bulten/subat-2023.webp]
[www.fuzulev.com.tr/basinda-biz/detay/2023-ocak.html]
[www.fuzulev.com.tr/assets/uploads/magazines/2023/ocak-2023.webp]
[www.fuzulev.com.tr/basinda-biz/detay/2022-aralik.html]
[www.fuzulev.com.tr/assets/uploads/basin-bulten/aralik-2022.webp]
[www.fuzulev.com.tr/basinda-biz/detay/2022-kasim.html]
[www.fuzulev.com.tr/assets/uploads/basin-bulten/kasim-2022.webp]
[www.fuzulev.com.tr/basinda-biz/detay/2022-ekim.html]
[www.fuzulev.com.tr/assets/uploads/magazines/2022/ekim-2022-R.webp]
[www.fuzulev.com.tr/basinda-biz/detay/2022-eylul.html]
[www.fuzulev.com.tr/assets/uploads/magazines/2022/eylul-2022-R.webp]
[www.fuzulev.com.tr/basinda-biz/detay/2022-agustos.html]
[www.fuzulev.com.tr/assets/uploads/basin-bulten/agustos-2022.webp]
[www.fuzulev.com.tr/basinda-biz.html]
[www.fuzulev.com.tr/assets/uploads/logo/13.webp]
[www.fuzulev.com.tr/assets/uploads/logo/12.webp]
[www.fuzulev.com.tr/assets/uploads/logo/11.webp]
[www.fuzulev.com.tr/assets/uploads/logo/10.webp]
[www.fuzulev.com.tr/assets/uploads/logo/9.webp]
[www.fuzulev.com.tr/assets/uploads/logo/8.webp]
[www.fuzulev.com.tr/assets/uploads/logo/7.webp]
[www.fuzulev.com.tr/assets/uploads/logo/6.webp]
[www.fuzulev.com.tr/assets/uploads/logo/5.webp]
[www.fuzulev.com.tr/assets/uploads/logo/4.webp]
[www.fuzulev.com.tr/assets/uploads/logo/3.webp]
[www.fuzulev.com.tr/assets/uploads/logo/2.webp]
[www.fuzulev.com.tr/assets/uploads/logo/1.webp]
[www.fuzulev.com.tr/assets/uploads/logo/2022/05/1653041257_852.webp]
[www.fuzulev.com.tr/reklam-filmleri.html]
[www.fuzulev.com.tr/e-bulten/detay/anahtar-dergi-sayi-32.html]
[www.fuzulev.com.tr/assets/uploads/magazines/2025/07/1753101898_830.jpg]
[www.fuzulev.com.tr/e-bulten/detay/anahtar-dergi-sayi-31.html]
[www.fuzulev.com.tr/assets/uploads/magazines/2025/06/1749025016_507.jpg]
[www.fuzulev.com.tr/e-bulten/detay/anahtar-dergi-sayi-ramazan.html]
[www.fuzulev.com.tr/assets/uploads/magazines/2025/03/1741613080_58.webp]
[www.fuzulev.com.tr/e-bulten/detay/anahtar-dergi-sayi-30.html]
[www.fuzulev.com.tr/assets/uploads/magazines/2025/03/1741613034_870.webp]
[www.fuzulev.com.tr/e-bulten/detay/anahtar-dergi-sayi-29.html]
[www.fuzulev.com.tr/assets/uploads/magazines/2025/01/1737358429_59.webp]
[www.fuzulev.com.tr/e-bulten/detay/anahtar-dergi-28-2024.html]
[www.fuzulev.com.tr/assets/uploads/magazines/2024/08/1724845461_688.webp]
[www.fuzulev.com.tr/e-bulten/detay/anahtar-dergi-27-2024.html]
[www.fuzulev.com.tr/assets/uploads/magazines/2024/08/1724845461_513.webp]
[www.fuzulev.com.tr/e-bulten/detay/anahtar-dergi-26-2024.html]
[www.fuzulev.com.tr/assets/uploads/magazines/2024/06/1719215129_457.webp]
[www.fuzulev.com.tr/e-bulten/detay/anahtar-dergi-25-2024.html]
[www.fuzulev.com.tr/assets/uploads/magazines/2024/04/1713339326_827.webp]
[www.fuzulev.com.tr/e-bulten/detay/anahtar-dergi-24-2024.html]
[www.fuzulev.com.tr/assets/uploads/magazines/2024/02/1707921503_866.webp]
[www.fuzulev.com.tr/e-bulten/detay/anahtar-dergi-23-2023.html]
[www.fuzulev.com.tr/assets/uploads/magazines/2023/11/1700752228_579.webp]
[www.fuzulev.com.tr/e-bulten/detay/anahtar-dergi-22-2023.html]
[www.fuzulev.com.tr/assets/uploads/magazines/2023/10/1696322041_782.webp]
[www.fuzulev.com.tr/e-bulten/detay/anahtar-dergi-21-2023.html]
[www.fuzulev.com.tr/assets/uploads/magazines/2023/10/1696321995_803.webp]
[www.fuzulev.com.tr/e-bulten/detay/anahtar-dergi-20-2023.html]
[www.fuzulev.com.tr/assets/uploads/magazines/2023/05/sayi202023.webp]
[www.fuzulev.com.tr/e-bulten/detay/anahtar-dergi-19-2023.html]
[www.fuzulev.com.tr/assets/uploads/magazines/2023/05/sayi192023.webp]
[www.fuzulev.com.tr/e-bulten/detay/anahtar-dergi-18-2023.html]
[www.fuzulev.com.tr/assets/uploads/magazines/2023/05/sayi182023.webp]
[www.fuzulev.com.tr/e-bulten/detay/anahta-dergi-17-2022.html]
[www.fuzulev.com.tr/assets/uploads/magazines/2023/05/sayi172022.webp]
[www.fuzulev.com.tr/e-bulten/detay/anahtar-dergi-16.html]
[www.fuzulev.com.tr/assets/uploads/magazines/2022/05/1652867856_751.webp]
[www.fuzulev.com.tr/e-bulten/detay/anahtar-dergi-15.html]
[www.fuzulev.com.tr/assets/uploads/magazines/2022/05/1652867597_422.webp]
[www.fuzulev.com.tr/e-bulten/detay/anahtar-dergi-13.html]
[www.fuzulev.com.tr/assets/uploads/magazines/2022/05/1652867313_41.webp]
[www.fuzulev.com.tr/e-bulten/detay/anahtar-dergi-12.html]
[www.fuzulev.com.tr/assets/uploads/magazines/2022/05/1652867246_865.webp]
[www.fuzulev.com.tr/e-bulten/detay/anahtar-dergi-11.html]
[www.fuzulev.com.tr/assets/uploads/magazines/2022/05/1652866987_548.webp]
[www.fuzulev.com.tr/e-bulten/detay/anahtar-dergi-14.html]
[www.fuzulev.com.tr/assets/uploads/magazines/2022/05/1652867503_618.webp]
[www.fuzulev.com.tr/e-bulten.html]
[www.fuzulev.com.tr/assets/style/common3a6c.css]
[www.fuzulev.com.tr/assets/scripts/gt43a6c.js]
[www.fuzulev.com.tr/assets/fuzul-kurumsal-kimlik30f4.pdf]
[www.fuzulev.com.tr/assets/logo-preview-removebg-preview.png]
[www.fuzulev.com.tr/assets/uploads/logo/2023/12/1701682090_87.png]
[www.fuzulev.com.tr/assets/uploads/logo/2022/05/nevita-logo-clean.png]
[www.fuzulev.com.tr/assets/uploads/logo/2022/05/Newinn-Son-Logo-04.png]
[www.fuzulev.com.tr/assets/uploads/logo/2023/12/1701681892_920.png]
[www.fuzulev.com.tr/assets/uploads/logo/2022/05/1653036108_342.png]
[www.fuzulev.com.tr/assets/uploads/logo/2022/05/1653036153_781.png]
[www.fuzulev.com.tr/assets/uploads/logo/2022/05/fuzul_gyo.png]
[www.fuzulev.com.tr/assets/uploads/logo/2022/05/1652865622_531.png]
[www.fuzulev.com.tr/basin-kiti.html]
[www.fuzulev.com.tr/assets/style/common57e3.css]
[www.fuzulev.com.tr/assets/style/common77dc.css]
[www.fuzulev.com.tr/insan-kaynaklari.html]
[www.fuzulev.com.tr/calisan-politikasi.html]
[www.fuzulev.com.tr/assets/scripts/gt477dc.js]
[www.fuzulev.com.tr/assets/style/commonbf6d.css]
[www.fuzulev.com.tr/ekibimiz.html]
[www.fuzulev.com.tr/assets/scripts/gt4bf6d.js]
[www.fuzulev.com.tr/assets/style/common5b59.css]
[www.fuzulev.com.tr/calisan-memnuniyeti.html]
[www.fuzulev.com.tr/assets/style/commonee76.css]
[www.fuzulev.com.tr/assets/style/common7a5d.css]
[www.fuzulev.com.tr/assets/style/commona5f3.css]
[www.fuzulev.com.tr/assets/style/commonff0a.css]
[www.fuzulev.com.tr/assets/style/commone7fd.css]
[www.fuzulev.com.tr/assets/scripts/gt45b59.js]
[www.fuzulev.com.tr/assets/style/common5fd2.css]
[www.fuzulev.com.tr/plan-detay/cekilissiz-bireysel-karavan-finansmani.html]
[www.fuzulev.com.tr/plan-detay/cekilisli-teslimatta-avantajli-karavan-finansmani.html]
[www.fuzulev.com.tr/assets/scripts/gt45fd2.js]
[www.fuzulev.com.tr/assets/style/commona643.css]
[www.fuzulev.com.tr/plan-detay/cekilissiz-bireysel-ara-odemeli-karavan-finansmani.html]
[www.fuzulev.com.tr/plan-detay/cekilisli-tasarruflu-erken-teslim-karavan-finansmani.html]
[www.fuzulev.com.tr/assets/scripts/gt4a643.js]
[www.fuzulev.com.tr/assets/style/common560e.css]
[www.fuzulev.com.tr/plan-detay/cekilisli-firsat-karavan-finansmani.html]
[www.fuzulev.com.tr/plan-detay/cekilisli-degerini-koruyan-karavan-finansmani.html]
[www.fuzulev.com.tr/assets/style/commonf869.css]
[www.fuzulev.com.tr/assets/style/common05fb.css]
[www.fuzulev.com.tr/assets/style/common9d47.css]
[www.fuzulev.com.tr/assets/style/common8f20.css]
[www.fuzulev.com.tr/assets/style/commonda15.css]
[www.fuzulev.com.tr/assets/style/common71e7.css]
[www.fuzulev.com.tr/assets/style/commonc0e4.css]
[www.fuzulev.com.tr/assets/style/common7b2d.css]
[www.fuzulev.com.tr/assets/scripts/gt4560e.js]
[www.fuzulev.com.tr/assets/style/common378e.css]
[www.fuzulev.com.tr/blog/taksitli-ev-alirken-odeme-plani-ve-vade-suresi-secimi.html]
[www.fuzulev.com.tr/blog/kredisiz-araba-alirken-arac-fiyatlari-nasil-belirlenir.html]
[www.fuzulev.com.tr/assets/scripts/gt4378e.js]
[www.fuzulev.com.tr/assets/style/common5590.css]
[www.fuzulev.com.tr/blog/ev-almanin-en-kolay-yolu-nedir.html]
[www.fuzulev.com.tr/blog/araba-almanin-en-kolay-yolu-nedir.html]
[www.fuzulev.com.tr/assets/scripts/gt45590.js]
[www.fuzulev.com.tr/assets/style/common62c2.css]
[www.fuzulev.com.tr/blog/kredi-cekmeden-arac-sahibi-olmak-icin-alternatif-finansman-secenekleri.html]
[www.fuzulev.com.tr/blog/kredisiz-ev-almak-isteyenler-icin-odeme-planlari-ve-secenekler-nasil-olmali.html]
[www.fuzulev.com.tr/assets/scripts/gt462c2.js]
[www.fuzulev.com.tr/assets/style/common70ac.css]
[www.fuzulev.com.tr/blog/pesinatsiz-araba-almanin-finansal-modelleri-ve-secenekleri-nelerdir.html]
[www.fuzulev.com.tr/blog/pesinatsiz-ve-faizsiz-araba-sahibi-olmanin-yollari-nelerdir.html]
[www.fuzulev.com.tr/assets/scripts/gt470ac.js]
[www.fuzulev.com.tr/assets/style/common32b0.css]
[www.fuzulev.com.tr/blog/pesinat-odemeden-ev-sahibi-olmanin-yollari-ve-firsatlari.html]
[www.fuzulev.com.tr/blog/faizsiz-ev-alma-yontemleri-bilmeniz-gerekenler.html]
[www.fuzulev.com.tr/assets/scripts/gt432b0.js]
[www.fuzulev.com.tr/assets/style/common3ec9.css]
[www.fuzulev.com.tr/blog/kredisiz-ev-sahibi-olmanin-yollari-ve-cozumleri.html]
[www.fuzulev.com.tr/blog/taksitli-ev-almanin-ekonomik-faydalari-neler.html]
[www.fuzulev.com.tr/assets/scripts/gt43ec9.js]
[www.fuzulev.com.tr/assets/style/commoned70.css]
[www.fuzulev.com.tr/blog2679.html]
[www.fuzulev.com.tr/blog/taksitle-araba-almak-icin-basarili-bir-planlama-nasil-yapilmalidir.html]
[www.fuzulev.com.tr/assets/scripts/gt4ed70.js]
[www.fuzulev.com.tr/assets/style/common2157.css]
[www.fuzulev.com.tr/blog/taksit-ile-ev-alma-surecinde-dikkat-edilmesi-gereken-belge-ve-surecler.html]
[www.fuzulev.com.tr/assets/scripts/gt42157.js]
[www.fuzulev.com.tr/assets/style/common69cd.css]
[www.fuzulev.com.tr/blog/pesinatsiz-ev-alma-surecinde-dikkat-edilmesi-gerekenler.html]
[www.fuzulev.com.tr/blog/pesinatsiz-arac-sahibi-olmanin-avantajlari-ve-kullanimi.html]
[www.fuzulev.com.tr/assets/scripts/gt469cd.js]
[www.fuzulev.com.tr/assets/style/common7d3d.css]
[www.fuzulev.com.tr/blog/kredisiz-araba-alma-surecinde-en-cok-nelere-dikkat-edilmelidir.html]
[www.fuzulev.com.tr/blog/hayalinizdeki-evi-faizsiz-alma-yontemleri-ile-gerceklestirin.html]
[www.fuzulev.com.tr/assets/scripts/gt47d3d.js]
[www.fuzulev.com.tr/assets/style/common2567.css]
[www.fuzulev.com.tr/blog/uygun-fiyatlarla-faizsiz-araba-sahip-olmanin-yollari-nelerdir.html]
[www.fuzulev.com.tr/blog/taksitle-ev-almanin-yasal-ve-mali-boyutlari.html]
[www.fuzulev.com.tr/assets/scripts/gt42567.js]
[www.fuzulev.com.tr/assets/style/commonf60f.css]
[www.fuzulev.com.tr/blog/taksitle-araba-alirken-dikkat-edilmesi-gerekenler-nelerdir.html]
[www.fuzulev.com.tr/blog/pesinatsiz-ev-sahibi-olmak-icin-uygulanan-6-yontem.html]
[www.fuzulev.com.tr/assets/scripts/gt4f60f.js]
[www.fuzulev.com.tr/assets/style/common674b.css]
[www.fuzulev.com.tr/blog/faizsiz-ev-alma-sureclerinde-kullanilacak-alternatif-sistemler.html]
[www.fuzulev.com.tr/blog/kredisiz-ev-alirken-dikkat-edilmesi-gereken-8-detay.html]
[www.fuzulev.com.tr/assets/style/common2020.css]
[www.fuzulev.com.tr/assets/scripts/gt4674b.js]
[www.fuzulev.com.tr/assets/style/common32a2.css]
[www.fuzulev.com.tr/blog/faizsiz-araba-almak-icin-uygun-finansman-yontemleri.html]
[www.fuzulev.com.tr/assets/scripts/gt432a2.js]
[www.fuzulev.com.tr/assets/style/common769a.css]
[www.fuzulev.com.tr/blog/faizsiz-araba-alma-surecinde-dikkat-edilmesi-gereken-7-nokta.html]
[www.fuzulev.com.tr/blog/butcenizi-zorlamadan-kredisiz-ev-satin-almanin-artilari.html]
[www.fuzulev.com.tr/assets/scripts/gt4769a.js]
[www.fuzulev.com.tr/assets/style/commond8eb.css]
[www.fuzulev.com.tr/blog/faizsiz-ve-pesinatsiz-araba-alma-icin-finansal-secenekler.html]
[www.fuzulev.com.tr/blog/taksitle-ev-alma-butcenize-uygun-en-iyi-yatirim-stratejileri.html]
[www.fuzulev.com.tr/assets/scripts/gt4d8eb.js]
[www.fuzulev.com.tr/assets/style/commonb19e.css]
[www.fuzulev.com.tr/blog/pesinatsiz-ev-alma-icin-alternatif-finansman-yontemleri.html]
[www.fuzulev.com.tr/blog/kredisiz-ev-alma-icin-gereken-belgeler-ve-islemler.html]
[www.fuzulev.com.tr/assets/scripts/gt4b19e.js]
[www.fuzulev.com.tr/assets/style/common01f7.css]
[www.fuzulev.com.tr/blog/kredisiz-araba-alma-icin-finansal-planlama-ve-butce-yonetimi.html]
[www.fuzulev.com.tr/assets/scripts/gt401f7.js]
[www.fuzulev.com.tr/assets/style/commonbb47.css]
[www.fuzulev.com.tr/blog/faizsiz-konut-alma-butce-planlamasi-ve-yonetimi.html]
[www.fuzulev.com.tr/blog/faizsiz-araba-satin-almak-icin-gereken-belgeler-ve-surecler.html]
[www.fuzulev.com.tr/assets/scripts/gt4bb47.js]
[www.fuzulev.com.tr/assets/style/common2f41.css]
[www.fuzulev.com.tr/blog/butcenize-uygun-kredisiz-ev-satin-almanin-avantajlari.html]
[www.fuzulev.com.tr/blog/taksitle-ev-alirken-nelere-dikkat-edilmelidir.html]
[www.fuzulev.com.tr/assets/scripts/gt42f41.js]
[www.fuzulev.com.tr/assets/style/common487c.css]
[www.fuzulev.com.tr/blog/senetle-ev-almak-mantikli-mi.html]
[www.fuzulev.com.tr/blog/pesinatsiz-taksitli-araba-kampanyalari.html]
[www.fuzulev.com.tr/assets/scripts/gt4487c.js]
[www.fuzulev.com.tr/assets/style/commonffc7.css]
[www.fuzulev.com.tr/blog/kredisiz-araba-alirken-nelere-dikkat-etmelisiniz.html]
[www.fuzulev.com.tr/blog/kredi-ve-pesinat-sorunu-olmadan-ev-sahibi-olmanin-kolay-yollari.html]
[www.fuzulev.com.tr/assets/scripts/gt4ffc7.js]
[www.fuzulev.com.tr/assets/style/common1f62.css]
[www.fuzulev.com.tr/blog/faizsiz-ev-alma-sartlari-ve-kosullari-nelerdir.html]
[www.fuzulev.com.tr/blog/faizsiz-ev-alirken-bilinmesi-gereken-yasal-ve-mali-detaylar-nelerdir.html]
[www.fuzulev.com.tr/assets/scripts/gt41f62.js]
[www.fuzulev.com.tr/assets/style/commonda17.css]
[www.fuzulev.com.tr/blog/faizsiz-araba-almak-icin-gerekli-belgeler-ve-sartlar-nelerdir.html]
[www.fuzulev.com.tr/blog/kredisiz-ev-almak-icin-nasil-bir-birikim-plani-yapmaliyiz.html]
[www.fuzulev.com.tr/assets/scripts/gt4da17.js]
[www.fuzulev.com.tr/assets/style/common954f.css]
[www.fuzulev.com.tr/blog/is-yeri-finansmani-alirken-nelere-dikkat-edilmeli.html]
[www.fuzulev.com.tr/blog/taksitle-motor-almak-guvenilir-mi.html]
[www.fuzulev.com.tr/assets/scripts/gt4954f.js]
[www.fuzulev.com.tr/assets/style/commonf5ea.css]
[www.fuzulev.com.tr/blog/pesinatsiz-ev-alma-sureci-adimlari-ve-ipuclari-nasil-olmali.html]
[www.fuzulev.com.tr/blog/pesinatsiz-araba-alirken-dikkate-alinmasi-gerekenler-nelerdir.html]
[www.fuzulev.com.tr/assets/scripts/gt4f5ea.js]
[www.fuzulev.com.tr/assets/style/common7c4a.css]
[www.fuzulev.com.tr/blog/faizsiz-araba-finansmani-nedir-ve-nasil-isler.html]
[www.fuzulev.com.tr/blog/ev-alma-surecinde-dikkat-edilmesi-gerekenler.html]
[www.fuzulev.com.tr/assets/scripts/gt47c4a.js]
[www.fuzulev.com.tr/assets/style/common5588.css]
[www.fuzulev.com.tr/blog/taksitle-karavan-almak-icin-en-iyi-finansman-yontemleri-hangileri.html]
[www.fuzulev.com.tr/blog/taksitle-karavan-sahibi-olmanin-yollari-nelerdir.html]
[www.fuzulev.com.tr/assets/scripts/gt45588.js]
[www.fuzulev.com.tr/assets/style/commoned97.css]
[www.fuzulev.com.tr/blog/taksitle-araba-almak-mantikli-mi.html]
[www.fuzulev.com.tr/blog/pesinatsiz-ev-sahibi-olmanin-yollari-ve-alternatifleri-nelerdir.html]
[www.fuzulev.com.tr/assets/scripts/gt4ed97.js]
[www.fuzulev.com.tr/assets/style/common6b14.css]
[www.fuzulev.com.tr/blog/hic-pesinatsiz-taksitle-2-el-araba-nasil-alinir.html]
[www.fuzulev.com.tr/blog/hic-param-yokken-nasil-ev-alabilirim.html]
[www.fuzulev.com.tr/assets/scripts/gt46b14.js]
[www.fuzulev.com.tr/assets/style/common0647.css]
[www.fuzulev.com.tr/blog/genc-girisimciler-icin-faizsiz-kredi-nasil-alinir.html]
[www.fuzulev.com.tr/assets/scripts/gt40647.js]
[www.fuzulev.com.tr/assets/style/commona43c.css]
[www.fuzulev.com.tr/blog/faizsiz-ev-alma-sistemi-nasil-isliyor.html]
[www.fuzulev.com.tr/assets/scripts/gt4a43c.js]
[www.fuzulev.com.tr/assets/style/commonf7d6.css]
[www.fuzulev.com.tr/blog/taksitli-araba-almanin-avantajlari-nelerdir.html]
[www.fuzulev.com.tr/blog/taksitli-araba-alma-icin-gerekli-belgeler-nelerdir.html]
[www.fuzulev.com.tr/assets/scripts/gt4f7d6.js]
[www.fuzulev.com.tr/assets/style/common1f67.css]
[www.fuzulev.com.tr/blog/pesinatsiz-ev-alma-surecleri-nasil-isler.html]
[www.fuzulev.com.tr/blog/kredisiz-araba-alma-sureci-nasil-isler.html]
[www.fuzulev.com.tr/assets/scripts/gt41f67.js]
[www.fuzulev.com.tr/assets/style/common4aff.css]
[www.fuzulev.com.tr/blog/hic-pesinatsiz-araba-nasil-alinir.html]
[www.fuzulev.com.tr/assets/scripts/gt44aff.js]
[www.fuzulev.com.tr/assets/style/common8555.css]
[www.fuzulev.com.tr/blog/faizsiz-ev-alma-cozumleri-nedir-ve-nasil-isler.html]
[www.fuzulev.com.tr/blog/arsa-tapulu-ev-alirken-imar-durumu-nasil-kontrol-edilir.html]
[www.fuzulev.com.tr/assets/scripts/gt48555.js]
[www.fuzulev.com.tr/assets/style/commonf4f0.css]
[www.fuzulev.com.tr/blog/taksitli-araba-alirken-ekonomik-ve-guvenilir-secenekler-nelerdir.html]
[www.fuzulev.com.tr/blog/sifir-araba-almak-icin-ne-kadar-pesinat-gerekir.html]
[www.fuzulev.com.tr/assets/scripts/gt4f4f0.js]
[www.fuzulev.com.tr/assets/style/commone694.css]
[www.fuzulev.com.tr/blog/pesinatsiz-ev-alma-icin-hangi-finansal-yollari-degerlendirebilirim.html]
[www.fuzulev.com.tr/blog/krediye-gerek-kalmadan-pesinatsiz-motor-nasil-alinir.html]
[www.fuzulev.com.tr/assets/scripts/gt4e694.js]
[www.fuzulev.com.tr/assets/style/commonb2d8.css]
[www.fuzulev.com.tr/blog/faizsiz-ev-alma-yontemleri-hangisi-size-en-uygun.html]
[www.fuzulev.com.tr/blog/banka-kredisi-olmadan-nasil-ev-alinir.html]
[www.fuzulev.com.tr/assets/scripts/gt4b2d8.js]
[www.fuzulev.com.tr/assets/style/common2fe8.css]
[www.fuzulev.com.tr/blog/arac-alirken-nelere-dikkat-etmek-lazim.html]
[www.fuzulev.com.tr/assets/style/common08e8.css]
[www.fuzulev.com.tr/assets/scripts/gt42fe8.js]
[www.fuzulev.com.tr/assets/style/common1f2d.css]
[www.fuzulev.com.tr/blog/tamamina-kredili-ev-nasil-alinir.html]
[www.fuzulev.com.tr/assets/scripts/gt41f2d.js]
[www.fuzulev.com.tr/assets/style/common52e9.css]
[www.fuzulev.com.tr/blog/hangi-banka-pesinatsiz-ev-kredisi-veriyor.html]
[www.fuzulev.com.tr/blog/faizsiz-ev-alma-sistemi-nedir.html]
[www.fuzulev.com.tr/assets/scripts/gt452e9.js]
[www.fuzulev.com.tr/assets/style/common0bb6.css]
[www.fuzulev.com.tr/blog/faizsiz-araba-kredisi-var-mi.html]
[www.fuzulev.com.tr/blog/emeklilere-faizsiz-ev-kredisi-veriliyor-mu.html]
[www.fuzulev.com.tr/assets/scripts/gt40bb6.js]
[www.fuzulev.com.tr/assets/style/commonc804.css]
[www.fuzulev.com.tr/blog/2-el-araba-taksitle-alinir-mi.html]
[www.fuzulev.com.tr/blog/yeni-evliler-evlilik-kredisi-alabilir-mi.html]
[www.fuzulev.com.tr/assets/scripts/gt4c804.js]
[www.fuzulev.com.tr/assets/style/common6930.css]
[www.fuzulev.com.tr/blog/taksitle-motor-alinir-mi.html]
[www.fuzulev.com.tr/assets/scripts/gt46930.js]
[www.fuzulev.com.tr/assets/style/commoncb46.css]
[www.fuzulev.com.tr/blog/sifir-evin-tamamina-kredi-cikar-mi.html]
[www.fuzulev.com.tr/blog/banka-kredisi-ile-ev-alinir-mi.html]
[www.fuzulev.com.tr/assets/scripts/gt4cb46.js]
[www.fuzulev.com.tr/assets/style/common7229.css]
[www.fuzulev.com.tr/blog/arsa-tapulu-ev-alinir-mi.html]
[www.fuzulev.com.tr/blog/devlet-faizsiz-ev-kredisi-veriyor-mu.html]
[www.fuzulev.com.tr/assets/scripts/gt47229.js]
[www.fuzulev.com.tr/assets/style/common212c.css]
[www.fuzulev.com.tr/blog/karavanda-yasamak-yasal-mi.html]
[www.fuzulev.com.tr/blog/yeni-bir-is-yeri-acarken-nelere-dikkat-edilmeli.html]
[www.fuzulev.com.tr/assets/scripts/gt4212c.js]
[www.fuzulev.com.tr/assets/style/common6c53.css]
[www.fuzulev.com.tr/blog/pesinatsiz-taksitle-araba-alinir-mi.html]
[www.fuzulev.com.tr/blog/pesinatsiz-araba-almak-mumkun-mu.html]
[www.fuzulev.com.tr/assets/scripts/gt46c53.js]
[www.fuzulev.com.tr/assets/style/commonc35c.css]
[www.fuzulev.com.tr/blog/hic-pesinatsiz-ev-nasil-alinir.html]
[www.fuzulev.com.tr/assets/scripts/gt4c35c.js]
[www.fuzulev.com.tr/assets/style/commonec97.css]
[www.fuzulev.com.tr/blog/faizsiz-ev-almak-mumkun-mu.html]
[www.fuzulev.com.tr/blog/kira-oder-gibi-ev-sahibi-olmak-mumkun-mu.html]
[www.fuzulev.com.tr/assets/scripts/gt4ec97.js]
[www.fuzulev.com.tr/assets/style/common8a92.css]
[www.fuzulev.com.tr/blog/ev-tapusu-kac-gunde-cikar.html]
[www.fuzulev.com.tr/blog/yeni-evlenecekler-icin-ev-sahibi-olma-ipuclari.html]
[www.fuzulev.com.tr/assets/scripts/gt48a92.js]
[www.fuzulev.com.tr/assets/style/common822d.css]
[www.fuzulev.com.tr/blog/kredisiz-nasil-ev-alinir.html]
[www.fuzulev.com.tr/blog/kredi-odeme-plani-degistirilir-mi.html]
[www.fuzulev.com.tr/assets/scripts/gt4822d.js]
[www.fuzulev.com.tr/assets/style/commondd99.css]
[www.fuzulev.com.tr/blog/konut-kredisi-hesaplama-nasil-yapilir.html]
[www.fuzulev.com.tr/blog/ilk-kez-ev-satin-alacaklar-icin-onemli-tavsiyeler.html]
[www.fuzulev.com.tr/assets/scripts/gt4dd99.js]
[www.fuzulev.com.tr/assets/style/common3615.css]
[www.fuzulev.com.tr/blog/ilk-kez-ev-alacaklara-kredi-sartlari.html]
[www.fuzulev.com.tr/assets/scripts/gt43615.js]
[www.fuzulev.com.tr/assets/style/common0b78.css]
[www.fuzulev.com.tr/blog/ev-almanin-avantajlari-nelerdir.html]
[www.fuzulev.com.tr/blog/ev-almak-mantikli-bir-yatirim-mi.html]
[www.fuzulev.com.tr/assets/scripts/gt40b78.js]
[www.fuzulev.com.tr/assets/style/commonf151.css]
[www.fuzulev.com.tr/blog/ev-almak-icin-pesinat-ne-kadar-olmali.html]
[www.fuzulev.com.tr/assets/style/commone6de.css]
[www.fuzulev.com.tr/assets/style/common3683.css]
[www.fuzulev.com.tr/assets/style/commonecf8.css]
[www.fuzulev.com.tr/assets/style/common14fb.css]
[www.fuzulev.com.tr/assets/style/commonc93e.css]
[www.fuzulev.com.tr/assets/style/common247a.css]
[www.fuzulev.com.tr/assets/style/common5db2.css]
[www.fuzulev.com.tr/assets/style/common65b0.css]
[www.fuzulev.com.tr/assets/style/common47cd.css]
[www.fuzulev.com.tr/assets/style/common0506.css]
[www.fuzulev.com.tr/assets/style/common8eb8.css]
[www.fuzulev.com.tr/assets/style/commondbf9.css]
[www.fuzulev.com.tr/assets/scripts/gt4f151.js]
[www.fuzulev.com.tr/assets/style/commonb7fe.css]
[www.fuzulev.com.tr/assets/flipbook/css/dflip.css]
[www.fuzulev.com.tr/assets/flipbook/css/themify-icons.css]
[www.fuzulev.com.tr/assets/scripts/gt4b7fe.js]
[www.fuzulev.com.tr/basinda-biz/detay/haziran-2025.html]
[www.fuzulev.com.tr/assets/flipbook/js/dflip.min.js]
[www.fuzulev.com.tr/assets/style/common26b2.css]
[www.fuzulev.com.tr/basinda-biz/detay/mayis-2025.html]
[www.fuzulev.com.tr/assets/scripts/gt426b2.js]
[www.fuzulev.com.tr/assets/style/commonf9a0.css]
[www.fuzulev.com.tr/basinda-biz/detay/nisan-2025.html]
[www.fuzulev.com.tr/basinda-biz/detay/mart-2025.html]
[www.fuzulev.com.tr/assets/scripts/gt4f9a0.js]
[www.fuzulev.com.tr/assets/style/common59f9.css]
[www.fuzulev.com.tr/basinda-biz/detay/subat-2025.html]
[www.fuzulev.com.tr/assets/scripts/gt459f9.js]
[www.fuzulev.com.tr/assets/style/commondfe7.css]
[www.fuzulev.com.tr/basinda-biz/detay/ocak-2025.html]
[www.fuzulev.com.tr/assets/scripts/gt4dfe7.js]
[www.fuzulev.com.tr/assets/style/common6494.css]
[www.fuzulev.com.tr/basinda-biz/detay/aralik-2024.html]
[www.fuzulev.com.tr/assets/scripts/gt46494.js]
[www.fuzulev.com.tr/assets/style/common9ac6.css]
[www.fuzulev.com.tr/basinda-biz/detay/fuarda-biz-2024.html]
[www.fuzulev.com.tr/basinda-biz/detay/2024-kasim.html]
[www.fuzulev.com.tr/assets/scripts/gt49ac6.js]
[www.fuzulev.com.tr/assets/style/commonbcb9.css]
[www.fuzulev.com.tr/basinda-biz/detay/ekim-2024.html]
[www.fuzulev.com.tr/assets/scripts/gt4bcb9.js]
[www.fuzulev.com.tr/assets/style/common9f0d.css]
[www.fuzulev.com.tr/basinda-biz/detay/2024-eylul.html]
[www.fuzulev.com.tr/assets/scripts/gt49f0d.js]
[www.fuzulev.com.tr/assets/style/commone451.css]
[www.fuzulev.com.tr/basinda-biz/detay/2024-agustos.html]
[www.fuzulev.com.tr/basinda-biz/detay/2024-temmuz.html]
[www.fuzulev.com.tr/assets/scripts/gt4e451.js]
[www.fuzulev.com.tr/assets/style/common3081.css]
[www.fuzulev.com.tr/basinda-biz/detay/2024-haziran.html]
[www.fuzulev.com.tr/assets/scripts/gt43081.js]
[www.fuzulev.com.tr/assets/style/commona797.css]
[www.fuzulev.com.tr/basinda-biz/detay/2024-mayis.html]
[www.fuzulev.com.tr/assets/scripts/gt4a797.js]
[www.fuzulev.com.tr/assets/style/commonce76.css]
[www.fuzulev.com.tr/basinda-biz/detay/2024-nisan.html]
[www.fuzulev.com.tr/basinda-biz/detay/2024-mart.html]
[www.fuzulev.com.tr/assets/scripts/gt4ce76.js]
[www.fuzulev.com.tr/assets/style/commond14a-2.css]
[www.fuzulev.com.tr/basinda-biz/detay/2024-subat.html]
[www.fuzulev.com.tr/assets/scripts/gt4d14a-2.js]
[www.fuzulev.com.tr/assets/style/common7118.css]
[www.fuzulev.com.tr/basinda-biz/detay/2024-ocak.html]
[www.fuzulev.com.tr/assets/scripts/gt47118.js]
[www.fuzulev.com.tr/assets/style/common6bd5.css]
[www.fuzulev.com.tr/basinda-biz/detay/2023-aralik.html]
[www.fuzulev.com.tr/assets/scripts/gt46bd5.js]
[www.fuzulev.com.tr/assets/style/commonbd3a.css]
[www.fuzulev.com.tr/basinda-biz/detay/2023-kasim.html]
[www.fuzulev.com.tr/basinda-biz/detay/2023-ekim.html]
[www.fuzulev.com.tr/assets/scripts/gt4bd3a.js]
[www.fuzulev.com.tr/assets/style/common20f1.css]
[www.fuzulev.com.tr/basinda-biz/detay/2023-eylul.html]
[www.fuzulev.com.tr/assets/scripts/gt420f1.js]
[www.fuzulev.com.tr/assets/style/commonef2c.css]
[www.fuzulev.com.tr/basinda-biz/detay/2023-agustos.html]
[www.fuzulev.com.tr/assets/scripts/gt4ef2c.js]
[www.fuzulev.com.tr/assets/style/commone3d1.css]
[www.fuzulev.com.tr/basinda-biz/detay/2023-haziran.html]
[www.fuzulev.com.tr/assets/scripts/gt4e3d1.js]
[www.fuzulev.com.tr/assets/style/commond21b.css]
[www.fuzulev.com.tr/basinda-biz/detay/2023-mayis.html]
[www.fuzulev.com.tr/assets/scripts/gt4d21b.js]
[www.fuzulev.com.tr/assets/style/common8e43.css]
[www.fuzulev.com.tr/basinda-biz/detay/2023-nisan.html]
[www.fuzulev.com.tr/assets/scripts/gt48e43.js]
[www.fuzulev.com.tr/assets/style/common3bf3.css]
[www.fuzulev.com.tr/basinda-biz/detay/2023-mart.html]
[www.fuzulev.com.tr/assets/scripts/gt43bf3.js]
[www.fuzulev.com.tr/assets/style/commonb202.css]
[www.fuzulev.com.tr/basinda-biz/detay/2023-subat.html]
[www.fuzulev.com.tr/assets/scripts/gt4b202.js]
[www.fuzulev.com.tr/assets/style/common1c33.css]
[www.fuzulev.com.tr/basinda-biz/detay/2023-ocak.html]
[www.fuzulev.com.tr/assets/scripts/gt41c33.js]
[www.fuzulev.com.tr/assets/style/common07cd.css]
[www.fuzulev.com.tr/basinda-biz/detay/2022-aralik.html]
[www.fuzulev.com.tr/assets/scripts/gt407cd.js]
[www.fuzulev.com.tr/assets/style/commona6ad.css]
[www.fuzulev.com.tr/basinda-biz/detay/2022-kasim.html]
[www.fuzulev.com.tr/basinda-biz/detay/2022-ekim.html]
[www.fuzulev.com.tr/assets/scripts/gt4a6ad.js]
[www.fuzulev.com.tr/assets/style/common9790.css]
[www.fuzulev.com.tr/basinda-biz/detay/2022-eylul.html]
[www.fuzulev.com.tr/assets/scripts/gt49790.js]
[www.fuzulev.com.tr/assets/style/common7dfb.css]
[www.fuzulev.com.tr/basinda-biz/detay/2022-agustos.html]
[www.fuzulev.com.tr/assets/scripts/gt47dfb.js]
[www.fuzulev.com.tr/assets/style/common8ca5.css]
[www.fuzulev.com.tr/e-bulten/detay/anahtar-dergi-sayi-32.html]
[www.fuzulev.com.tr/assets/scripts/gt48ca5.js]
[www.fuzulev.com.tr/assets/style/common49e0.css]
[www.fuzulev.com.tr/e-bulten/detay/anahtar-dergi-sayi-31.html]
[www.fuzulev.com.tr/assets/scripts/gt449e0.js]
[www.fuzulev.com.tr/assets/style/common9aa4.css]
[www.fuzulev.com.tr/e-bulten/detay/anahtar-dergi-sayi-ramazan.html]
[www.fuzulev.com.tr/e-bulten/detay/anahtar-dergi-sayi-30.html]
[www.fuzulev.com.tr/assets/scripts/gt49aa4.js]
[www.fuzulev.com.tr/assets/style/common5245.css]
[www.fuzulev.com.tr/e-bulten/detay/anahtar-dergi-sayi-29.html]
[www.fuzulev.com.tr/assets/scripts/gt45245.js]
[www.fuzulev.com.tr/assets/style/common4d17.css]
[www.fuzulev.com.tr/e-bulten/detay/anahtar-dergi-28-2024.html]
[www.fuzulev.com.tr/assets/scripts/gt44d17.js]
[www.fuzulev.com.tr/assets/style/common255b.css]
[www.fuzulev.com.tr/e-bulten/detay/anahtar-dergi-27-2024.html]
[www.fuzulev.com.tr/assets/scripts/gt4255b.js]
[www.fuzulev.com.tr/assets/style/common3ead.css]
[www.fuzulev.com.tr/e-bulten/detay/anahtar-dergi-26-2024.html]
[www.fuzulev.com.tr/assets/scripts/gt43ead.js]
[www.fuzulev.com.tr/e-bulten/detay/anahtar-dergi-25-2024.html]
[www.fuzulev.com.tr/assets/scripts/gt4b6d8.js]
[www.fuzulev.com.tr/e-bulten/detay/anahtar-dergi-24-2024.html]
[www.fuzulev.com.tr/assets/style/commonb6d8.css]
[www.fuzulev.com.tr/assets/style/commona23c.css]
[www.fuzulev.com.tr/e-bulten/detay/anahtar-dergi-23-2023.html]
[www.fuzulev.com.tr/assets/scripts/gt4a23c.js]
[www.fuzulev.com.tr/assets/style/common5d3c.css]
[www.fuzulev.com.tr/e-bulten/detay/anahtar-dergi-22-2023.html]
[www.fuzulev.com.tr/assets/scripts/gt45d3c.js]
[www.fuzulev.com.tr/assets/style/common7040.css]
[www.fuzulev.com.tr/e-bulten/detay/anahtar-dergi-21-2023.html]
[www.fuzulev.com.tr/e-bulten/detay/anahtar-dergi-20-2023.html]
[www.fuzulev.com.tr/assets/scripts/gt47040.js]
[www.fuzulev.com.tr/assets/style/common03cd.css]
[www.fuzulev.com.tr/e-bulten/detay/anahtar-dergi-19-2023.html]
[www.fuzulev.com.tr/assets/scripts/gt403cd.js]
[www.fuzulev.com.tr/assets/style/common3e83.css]
[www.fuzulev.com.tr/e-bulten/detay/anahtar-dergi-18-2023.html]
[www.fuzulev.com.tr/assets/scripts/gt43e83.js]
[www.fuzulev.com.tr/assets/style/common8caa.css]
[www.fuzulev.com.tr/e-bulten/detay/anahta-dergi-17-2022.html]
[www.fuzulev.com.tr/e-bulten/detay/anahtar-dergi-16.html]
[www.fuzulev.com.tr/assets/scripts/gt48caa.js]
[www.fuzulev.com.tr/assets/style/common992a.css]
[www.fuzulev.com.tr/e-bulten/detay/anahtar-dergi-15.html]
[www.fuzulev.com.tr/assets/scripts/gt4992a.js]
[www.fuzulev.com.tr/assets/style/commona10f.css]
[www.fuzulev.com.tr/e-bulten/detay/anahtar-dergi-13.html]
[www.fuzulev.com.tr/assets/scripts/gt4a10f.js]
[www.fuzulev.com.tr/assets/style/commonf8bd.css]
[www.fuzulev.com.tr/e-bulten/detay/anahtar-dergi-12.html]
[www.fuzulev.com.tr/assets/scripts/gt4f8bd.js]
[www.fuzulev.com.tr/assets/style/common3bb6.css]
[www.fuzulev.com.tr/e-bulten/detay/anahtar-dergi-11.html]
[www.fuzulev.com.tr/e-bulten/detay/anahtar-dergi-14.html]
[www.fuzulev.com.tr/assets/style/common3a6c.css]
[www.fuzulev.com.tr/assets/style/common77dc.css]
[www.fuzulev.com.tr/assets/style/commonbf6d.css]
[www.fuzulev.com.tr/assets/style/common5b59.css]
[www.fuzulev.com.tr/assets/style/common5fd2.css]
[www.fuzulev.com.tr/assets/style/commona643.css]
[www.fuzulev.com.tr/assets/style/common560e.css]
[www.fuzulev.com.tr/assets/style/common378e.css]
[www.fuzulev.com.tr/assets/style/common5590.css]
[www.fuzulev.com.tr/assets/style/common62c2.css]
[www.fuzulev.com.tr/assets/style/common70ac.css]
[www.fuzulev.com.tr/assets/style/common32b0.css]
[www.fuzulev.com.tr/assets/style/common3ec9.css]
[www.fuzulev.com.tr/assets/style/commoned70.css]
[www.fuzulev.com.tr/assets/style/common2157.css]
[www.fuzulev.com.tr/assets/style/common69cd.css]
[www.fuzulev.com.tr/assets/style/common7d3d.css]
[www.fuzulev.com.tr/assets/style/common2567.css]
[www.fuzulev.com.tr/assets/style/commonf60f.css]
[www.fuzulev.com.tr/assets/style/common674b.css]
[www.fuzulev.com.tr/assets/style/common32a2.css]
[www.fuzulev.com.tr/assets/style/common769a.css]
[www.fuzulev.com.tr/assets/style/commond8eb.css]
[www.fuzulev.com.tr/assets/style/commonb19e.css]
[www.fuzulev.com.tr/assets/style/common01f7.css]
[www.fuzulev.com.tr/assets/style/commonbb47.css]
[www.fuzulev.com.tr/assets/style/common2f41.css]
[www.fuzulev.com.tr/assets/style/common487c.css]
[www.fuzulev.com.tr/assets/style/commonffc7.css]
[www.fuzulev.com.tr/assets/style/common1f62.css]
[www.fuzulev.com.tr/assets/style/commonda17.css]
[www.fuzulev.com.tr/assets/style/common954f.css]
[www.fuzulev.com.tr/assets/style/commonf5ea.css]
[www.fuzulev.com.tr/assets/style/common7c4a.css]
[www.fuzulev.com.tr/assets/style/common5588.css]
[www.fuzulev.com.tr/assets/style/commoned97.css]
[www.fuzulev.com.tr/assets/style/common6b14.css]
[www.fuzulev.com.tr/assets/style/common0647.css]
[www.fuzulev.com.tr/assets/style/commona43c.css]
[www.fuzulev.com.tr/assets/style/commonf7d6.css]
[www.fuzulev.com.tr/assets/style/common1f67.css]
[www.fuzulev.com.tr/assets/style/common4aff.css]
[www.fuzulev.com.tr/assets/style/common8555.css]
[www.fuzulev.com.tr/assets/style/commonf4f0.css]
[www.fuzulev.com.tr/assets/style/commone694.css]
[www.fuzulev.com.tr/assets/style/commonb2d8.css]
[www.fuzulev.com.tr/assets/style/common2fe8.css]
[www.fuzulev.com.tr/assets/style/common1f2d.css]
[www.fuzulev.com.tr/assets/style/common52e9.css]
[www.fuzulev.com.tr/assets/style/common0bb6.css]
[www.fuzulev.com.tr/assets/style/commonc804.css]
[www.fuzulev.com.tr/assets/style/common6930.css]
[www.fuzulev.com.tr/assets/style/commoncb46.css]
[www.fuzulev.com.tr/assets/style/common7229.css]
[www.fuzulev.com.tr/assets/style/common212c.css]
[www.fuzulev.com.tr/assets/style/common6c53.css]
[www.fuzulev.com.tr/assets/scripts/gt43bb6.js]
[www.fuzulev.com.tr/assets/style/commonc35c.css]
[www.fuzulev.com.tr/assets/style/commonec97.css]
[www.fuzulev.com.tr/assets/style/common8a92.css]
[www.fuzulev.com.tr/assets/style/common822d.css]
[www.fuzulev.com.tr/assets/style/commondd99.css]
[www.fuzulev.com.tr/assets/style/common3615.css]
[www.fuzulev.com.tr/assets/style/common0b78.css]
[www.fuzulev.com.tr/assets/style/commonf151.css]
[www.fuzulev.com.tr/assets/style/commonb7fe.css]
[www.fuzulev.com.tr/assets/flipbook/images/loading.gif]
[www.fuzulev.com.tr/assets/flipbook/css/dflip.css]
[www.fuzulev.com.tr/assets/flipbook/fonts/themify.eot]
[www.fuzulev.com.tr/assets/flipbook/fonts/themifyd41d.eot]
[www.fuzulev.com.tr/assets/flipbook/fonts/themify.woff]
[www.fuzulev.com.tr/assets/flipbook/fonts/themify.ttf]
[www.fuzulev.com.tr/assets/flipbook/css/themify-icons.css]
[www.fuzulev.com.tr/assets/style/common26b2.css]
[www.fuzulev.com.tr/assets/style/commonf9a0.css]
[www.fuzulev.com.tr/assets/style/common59f9.css]
[www.fuzulev.com.tr/assets/style/commondfe7.css]
[www.fuzulev.com.tr/assets/style/common6494.css]
[www.fuzulev.com.tr/assets/style/common9ac6.css]
[www.fuzulev.com.tr/assets/style/commonbcb9.css]
[www.fuzulev.com.tr/assets/style/common9f0d.css]
[www.fuzulev.com.tr/assets/style/commone451.css]
[www.fuzulev.com.tr/assets/style/common3081.css]
[www.fuzulev.com.tr/assets/style/commona797.css]
[www.fuzulev.com.tr/assets/style/commonce76.css]
[www.fuzulev.com.tr/assets/style/commond14a-2.css]
[www.fuzulev.com.tr/assets/style/common7118.css]
[www.fuzulev.com.tr/assets/style/common6bd5.css]
[www.fuzulev.com.tr/assets/style/commonbd3a.css]
[www.fuzulev.com.tr/assets/style/common20f1.css]
[www.fuzulev.com.tr/assets/style/commonef2c.css]
[www.fuzulev.com.tr/assets/style/commone3d1.css]
[www.fuzulev.com.tr/assets/style/commond21b.css]
[www.fuzulev.com.tr/assets/style/common8e43.css]
[www.fuzulev.com.tr/assets/style/common3bf3.css]
[www.fuzulev.com.tr/assets/style/commonb202.css]
[www.fuzulev.com.tr/assets/style/common1c33.css]
[www.fuzulev.com.tr/assets/style/common07cd.css]
[www.fuzulev.com.tr/assets/style/commona6ad.css]
[www.fuzulev.com.tr/assets/style/common9790.css]
[www.fuzulev.com.tr/assets/style/common7dfb.css]
[www.fuzulev.com.tr/assets/style/common8ca5.css]
[www.fuzulev.com.tr/assets/style/common49e0.css]
[www.fuzulev.com.tr/assets/style/common9aa4.css]
[www.fuzulev.com.tr/assets/style/common5245.css]
[www.fuzulev.com.tr/assets/style/common4d17.css]
[www.fuzulev.com.tr/assets/style/common255b.css]
[www.fuzulev.com.tr/assets/style/common3ead.css]
[www.fuzulev.com.tr/assets/style/commonb6d8.css]
[www.fuzulev.com.tr/assets/style/commona23c.css]
[www.fuzulev.com.tr/assets/style/common5d3c.css]
[www.fuzulev.com.tr/assets/style/common7040.css]
[www.fuzulev.com.tr/assets/style/common03cd.css]
[www.fuzulev.com.tr/assets/style/common3e83.css]
[www.fuzulev.com.tr/assets/style/common8caa.css]
[www.fuzulev.com.tr/assets/style/common992a.css]
[www.fuzulev.com.tr/assets/style/commona10f.css]
[www.fuzulev.com.tr/assets/style/commonf8bd.css]
[www.fuzulev.com.tr/assets/style/common3bb6.css]
[www.fuzulev.com.tr/assets/flipbook/fonts/themify.svg]
[www.fuzulev.com.tr/assets/flipbook/fonts/themify.svg]
